2025/05/11 19:52:046377 DEBUG EventLoop createdtruein thread14252 - EventLoop.cc:53
2025/05/11 19:52:046441 INFO  func =>fd4events=3index=-1 - EPollPoller.cc:66
2025/05/11 19:52:046901 DEBUG EventLoop createdtruein thread14254 - EventLoop.cc:53
2025/05/11 19:52:046953 INFO  func =>fd8events=3index=-1 - EPollPoller.cc:66
2025/05/11 19:52:047030 INFO  EventLoop start looping - EventLoop.cc:82
2025/05/11 19:52:047045 INFO  fd total count:1 - EPollPoller.cc:32
2025/05/11 19:52:047346 DEBUG EventLoop createdtruein thread14255 - EventLoop.cc:53
2025/05/11 19:52:047396 INFO  func =>fd10events=3index=-1 - EPollPoller.cc:66
2025/05/11 19:52:047446 INFO  EventLoop start looping - EventLoop.cc:82
2025/05/11 19:52:047457 INFO  fd total count:1 - EPollPoller.cc:32
2025/05/11 19:52:047682 DEBUG EventLoop createdtruein thread14256 - EventLoop.cc:53
2025/05/11 19:52:047729 INFO  func =>fd12events=3index=-1 - EPollPoller.cc:66
2025/05/11 19:52:047779 INFO  EventLoop start looping - EventLoop.cc:82
2025/05/11 19:52:047791 INFO  fd total count:1 - EPollPoller.cc:32
2025/05/11 19:52:047802 INFO  func =>fd6events=3index=-1 - EPollPoller.cc:66
2025/05/11 19:52:047845 INFO  EventLoop start looping - EventLoop.cc:82
2025/05/11 19:52:047849 INFO  fd total count:2 - EPollPoller.cc:32
2025/05/11 19:52:057169 DEBUG timeout! - EPollPoller.cc:49
2025/05/11 19:52:057281 INFO  fd total count:1 - EPollPoller.cc:32
2025/05/11 19:52:057518 DEBUG timeout! - EPollPoller.cc:49
2025/05/11 19:52:057586 INFO  fd total count:1 - EPollPoller.cc:32
2025/05/11 19:52:057850 DEBUG timeout! - EPollPoller.cc:49
2025/05/11 19:52:057904 INFO  fd total count:1 - EPollPoller.cc:32
2025/05/11 19:52:057921 DEBUG timeout! - EPollPoller.cc:49
2025/05/11 19:52:057974 INFO  fd total count:2 - EPollPoller.cc:32
2025/05/11 19:52:067412 DEBUG timeout! - EPollPoller.cc:49
2025/05/11 19:52:067486 INFO  fd total count:1 - EPollPoller.cc:32
2025/05/11 19:52:067658 DEBUG timeout! - EPollPoller.cc:49
2025/05/11 19:52:067728 INFO  fd total count:1 - EPollPoller.cc:32
2025/05/11 19:52:067948 DEBUG timeout! - EPollPoller.cc:49
2025/05/11 19:52:067969 INFO  fd total count:1 - EPollPoller.cc:32
2025/05/11 19:52:068015 DEBUG timeout! - EPollPoller.cc:49
2025/05/11 19:52:068036 INFO  fd total count:2 - EPollPoller.cc:32
2025/05/11 19:52:077554 DEBUG timeout! - EPollPoller.cc:49
2025/05/11 19:52:077623 INFO  fd total count:1 - EPollPoller.cc:32
2025/05/11 19:52:077802 DEBUG timeout! - EPollPoller.cc:49
2025/05/11 19:52:077842 INFO  fd total count:1 - EPollPoller.cc:32
2025/05/11 19:52:078034 DEBUG timeout! - EPollPoller.cc:49
2025/05/11 19:52:078076 DEBUG timeout! - EPollPoller.cc:49
2025/05/11 19:52:078089 INFO  fd total count:1 - EPollPoller.cc:32
2025/05/11 19:52:078098 INFO  fd total count:2 - EPollPoller.cc:32
2025/05/11 19:53:087712 DEBUG timeout! - EPollPoller.cc:49
2025/05/11 19:53:087782 INFO  fd total count:1 - EPollPoller.cc:32
2025/05/11 19:53:087942 DEBUG timeout! - EPollPoller.cc:49
2025/05/11 19:53:088012 INFO  fd total count:1 - EPollPoller.cc:32
2025/05/11 19:53:088126 DEBUG timeout! - EPollPoller.cc:49
2025/05/11 19:53:088132 DEBUG timeout! - EPollPoller.cc:49
2025/05/11 19:53:088152 INFO  fd total count:2 - EPollPoller.cc:32
2025/05/11 19:53:088173 INFO  fd total count:1 - EPollPoller.cc:32
2025/05/11 19:53:090982 DEBUG timeout! - EPollPoller.cc:49
2025/05/11 19:53:091048 INFO  fd total count:2 - EPollPoller.cc:32
2025/05/11 19:53:097874 DEBUG timeout! - EPollPoller.cc:49
2025/05/11 19:53:097943 INFO  fd total count:1 - EPollPoller.cc:32
2025/05/11 19:53:098058 DEBUG timeout! - EPollPoller.cc:49
2025/05/11 19:53:098082 INFO  fd total count:1 - EPollPoller.cc:32
2025/05/11 19:53:098201 DEBUG timeout! - EPollPoller.cc:49
2025/05/11 19:53:098221 INFO  fd total count:1 - EPollPoller.cc:32
2025/05/11 19:53:483144 INFO  events happend1 - EPollPoller.cc:40
2025/05/11 19:53:483271 INFO  channel handleEvent revents:1 - Channel.cc:73
2025/05/11 19:53:483456 ERROR EventLoopThreadPool::getNextLoop ERROR - EventLoopThreadPool.cc:43
2025/05/11 19:53:483477 INFO  TcpServer::newConnection [EchoServer]- new connection [EchoServer-127.0.0.1:8080#1]from %s127.0.0.1:39620 - TcpServer.cc:75
2025/05/11 19:53:483629 INFO  TcpConnection::ctor:[EchoServer-127.0.0.1:8080#1]at fd=13 - TcpConnection.cc:52
2025/05/11 19:53:483901 INFO  func =>fd13events=3index=-1 - EPollPoller.cc:66
2025/05/11 19:53:483935 INFO  Connection UP :127.0.0.1:39620 - main.cc:40
2025/05/11 19:53:483971 INFO  fd total count:3 - EPollPoller.cc:32
2025/05/11 19:53:107990 DEBUG timeout! - EPollPoller.cc:49
2025/05/11 19:53:108030 INFO  fd total count:1 - EPollPoller.cc:32
2025/05/11 19:53:108123 DEBUG timeout! - EPollPoller.cc:49
2025/05/11 19:53:108149 INFO  fd total count:1 - EPollPoller.cc:32
2025/05/11 19:53:108257 DEBUG timeout! - EPollPoller.cc:49
2025/05/11 19:53:108279 INFO  fd total count:1 - EPollPoller.cc:32
2025/05/11 19:53:494042 DEBUG timeout! - EPollPoller.cc:49
2025/05/11 19:53:494114 INFO  fd total count:3 - EPollPoller.cc:32
2025/05/11 19:53:118088 DEBUG timeout! - EPollPoller.cc:49
2025/05/11 19:53:118158 INFO  fd total count:1 - EPollPoller.cc:32
2025/05/11 19:53:118205 DEBUG timeout! - EPollPoller.cc:49
2025/05/11 19:53:118274 INFO  fd total count:1 - EPollPoller.cc:32
2025/05/11 19:53:118384 DEBUG timeout! - EPollPoller.cc:49
2025/05/11 19:53:118440 INFO  fd total count:1 - EPollPoller.cc:32
2025/05/11 19:53:504235 DEBUG timeout! - EPollPoller.cc:49
2025/05/11 19:53:504310 INFO  fd total count:3 - EPollPoller.cc:32
2025/05/11 19:53:128263 DEBUG timeout! - EPollPoller.cc:49
2025/05/11 19:53:128328 DEBUG timeout! - EPollPoller.cc:49
2025/05/11 19:53:128336 INFO  fd total count:1 - EPollPoller.cc:32
2025/05/11 19:53:128374 INFO  fd total count:1 - EPollPoller.cc:32
2025/05/11 19:53:128517 DEBUG timeout! - EPollPoller.cc:49
2025/05/11 19:53:128585 INFO  fd total count:1 - EPollPoller.cc:32
2025/05/11 19:53:514378 DEBUG timeout! - EPollPoller.cc:49
2025/05/11 19:53:514448 INFO  fd total count:3 - EPollPoller.cc:32
2025/05/11 19:53:136543 DEBUG timeout! - EPollPoller.cc:49
2025/05/11 19:53:136614 INFO  fd total count:1 - EPollPoller.cc:32
2025/05/11 19:53:138421 DEBUG timeout! - EPollPoller.cc:49
2025/05/11 19:53:138462 INFO  fd total count:1 - EPollPoller.cc:32
2025/05/11 19:53:138428 DEBUG timeout! - EPollPoller.cc:49
2025/05/11 19:53:138522 INFO  fd total count:1 - EPollPoller.cc:32
2025/05/11 19:53:524515 DEBUG timeout! - EPollPoller.cc:49
2025/05/11 19:53:524578 INFO  fd total count:3 - EPollPoller.cc:32
2025/05/11 19:54:146678 DEBUG timeout! - EPollPoller.cc:49
2025/05/11 19:54:146715 INFO  fd total count:1 - EPollPoller.cc:32
2025/05/11 19:54:147177 DEBUG timeout! - EPollPoller.cc:49
2025/05/11 19:54:147240 INFO  fd total count:1 - EPollPoller.cc:32
2025/05/11 19:54:148585 DEBUG timeout! - EPollPoller.cc:49
2025/05/11 19:54:148642 INFO  fd total count:1 - EPollPoller.cc:32
2025/05/11 19:54:534680 DEBUG timeout! - EPollPoller.cc:49
2025/05/11 19:54:534750 INFO  fd total count:3 - EPollPoller.cc:32
2025/05/11 19:54:156804 DEBUG timeout! - EPollPoller.cc:49
2025/05/11 19:54:156876 INFO  fd total count:1 - EPollPoller.cc:32
2025/05/11 19:54:157305 DEBUG timeout! - EPollPoller.cc:49
2025/05/11 19:54:157378 INFO  fd total count:1 - EPollPoller.cc:32
2025/05/11 19:54:158684 DEBUG timeout! - EPollPoller.cc:49
2025/05/11 19:54:158707 INFO  fd total count:1 - EPollPoller.cc:32
2025/05/11 19:54:544818 DEBUG timeout! - EPollPoller.cc:49
2025/05/11 19:54:544883 INFO  fd total count:3 - EPollPoller.cc:32
2025/05/11 19:54:166936 DEBUG timeout! - EPollPoller.cc:49
2025/05/11 19:54:167002 INFO  fd total count:1 - EPollPoller.cc:32
2025/05/11 19:54:167424 DEBUG timeout! - EPollPoller.cc:49
2025/05/11 19:54:167462 INFO  fd total count:1 - EPollPoller.cc:32
2025/05/11 19:54:168742 DEBUG timeout! - EPollPoller.cc:49
2025/05/11 19:54:168765 INFO  fd total count:1 - EPollPoller.cc:32
2025/05/11 19:54:554948 DEBUG timeout! - EPollPoller.cc:49
2025/05/11 19:54:555018 INFO  fd total count:3 - EPollPoller.cc:32
2025/05/11 19:54:177044 DEBUG timeout! - EPollPoller.cc:49
2025/05/11 19:54:177082 INFO  fd total count:1 - EPollPoller.cc:32
2025/05/11 19:54:177515 DEBUG timeout! - EPollPoller.cc:49
2025/05/11 19:54:177581 INFO  fd total count:1 - EPollPoller.cc:32
2025/05/11 19:54:178823 DEBUG timeout! - EPollPoller.cc:49
2025/05/11 19:54:178877 INFO  fd total count:1 - EPollPoller.cc:32
2025/05/11 19:54:565053 DEBUG timeout! - EPollPoller.cc:49
2025/05/11 19:54:565090 INFO  fd total count:3 - EPollPoller.cc:32
2025/05/11 19:54:187158 DEBUG timeout! - EPollPoller.cc:49
2025/05/11 19:54:187228 INFO  fd total count:1 - EPollPoller.cc:32
2025/05/11 19:54:187641 DEBUG timeout! - EPollPoller.cc:49
2025/05/11 19:54:187683 INFO  fd total count:1 - EPollPoller.cc:32
2025/05/11 19:54:188966 DEBUG timeout! - EPollPoller.cc:49
2025/05/11 19:54:189019 INFO  fd total count:1 - EPollPoller.cc:32
2025/05/11 19:54:575124 DEBUG timeout! - EPollPoller.cc:49
2025/05/11 19:54:575158 INFO  fd total count:3 - EPollPoller.cc:32
2025/05/11 19:54:195162 DEBUG timeout! - EPollPoller.cc:49
2025/05/11 19:54:195229 INFO  fd total count:1 - EPollPoller.cc:32
2025/05/11 19:54:197778 DEBUG timeout! - EPollPoller.cc:49
2025/05/11 19:54:197848 INFO  fd total count:1 - EPollPoller.cc:32
2025/05/11 19:54:199102 DEBUG timeout! - EPollPoller.cc:49
2025/05/11 19:54:199191 INFO  fd total count:1 - EPollPoller.cc:32
2025/05/11 19:54:585195 DEBUG timeout! - EPollPoller.cc:49
2025/05/11 19:54:585238 INFO  fd total count:3 - EPollPoller.cc:32
2025/05/11 19:54:630455 INFO  events happend1 - EPollPoller.cc:40
2025/05/11 19:54:630488 INFO  channel handleEvent revents:1 - Channel.cc:73
2025/05/11 19:54:630564 INFO  TcpConnection::handleClose fd=13state=2 - TcpConnection.cc:241
2025/05/11 19:54:630572 INFO  func =>fd13events=0index=1 - EPollPoller.cc:66
2025/05/11 19:54:630583 INFO  Connection DOWN :127.0.0.1:39620 - main.cc:44
2025/05/11 19:54:630640 INFO  TcpServer::removeConnectionInLoop [EchoServer] - connection %sEchoServer-127.0.0.1:8080#1 - TcpServer.cc:114
2025/05/11 19:54:630726 INFO  removeChannel fd=13 - EPollPoller.cc:102
2025/05/11 19:54:630732 INFO  TcpConnection::dtor[EchoServer-127.0.0.1:8080#1]at fd=13state=0 - TcpConnection.cc:58
2025/05/11 19:54:630802 INFO  fd total count:2 - EPollPoller.cc:32
2025/05/11 19:55:205311 DEBUG timeout! - EPollPoller.cc:49
2025/05/11 19:55:205385 INFO  fd total count:1 - EPollPoller.cc:32
2025/05/11 19:55:207887 DEBUG timeout! - EPollPoller.cc:49
2025/05/11 19:55:207928 INFO  fd total count:1 - EPollPoller.cc:32
2025/05/11 19:55:209288 DEBUG timeout! - EPollPoller.cc:49
2025/05/11 19:55:209342 INFO  fd total count:1 - EPollPoller.cc:32
2025/05/11 19:55:639157 DEBUG timeout! - EPollPoller.cc:49
2025/05/11 19:55:639227 INFO  fd total count:2 - EPollPoller.cc:32
2025/05/11 19:55:803212 INFO  events happend1 - EPollPoller.cc:40
2025/05/11 19:55:803274 INFO  channel handleEvent revents:1 - Channel.cc:73
2025/05/11 19:55:803337 ERROR EventLoopThreadPool::getNextLoop ERROR - EventLoopThreadPool.cc:43
2025/05/11 19:55:803353 INFO  TcpServer::newConnection [EchoServer]- new connection [EchoServer-127.0.0.1:8080#2]from %s127.0.0.1:39622 - TcpServer.cc:75
2025/05/11 19:55:803393 INFO  TcpConnection::ctor:[EchoServer-127.0.0.1:8080#2]at fd=13 - TcpConnection.cc:52
2025/05/11 19:55:803440 INFO  func =>fd13events=3index=-1 - EPollPoller.cc:66
2025/05/11 19:55:803469 INFO  Connection UP :127.0.0.1:39622 - main.cc:40
2025/05/11 19:55:803491 INFO  fd total count:3 - EPollPoller.cc:32
2025/05/11 19:55:215462 DEBUG timeout! - EPollPoller.cc:49
2025/05/11 19:55:215530 INFO  fd total count:1 - EPollPoller.cc:32
2025/05/11 19:55:217967 DEBUG timeout! - EPollPoller.cc:49
2025/05/11 19:55:218008 INFO  fd total count:1 - EPollPoller.cc:32
2025/05/11 19:55:219429 DEBUG timeout! - EPollPoller.cc:49
2025/05/11 19:55:219481 INFO  fd total count:1 - EPollPoller.cc:32
2025/05/11 19:55:093395 INFO  events happend1 - EPollPoller.cc:40
2025/05/11 19:55:093430 INFO  channel handleEvent revents:1 - Channel.cc:73
2025/05/11 19:55:093525 INFO  fd total count:3 - EPollPoller.cc:32
2025/05/11 19:55:960939 INFO  events happend1 - EPollPoller.cc:40
2025/05/11 19:55:960970 INFO  channel handleEvent revents:1 - Channel.cc:73
2025/05/11 19:55:960992 INFO  TcpConnection::handleClose fd=13state=2 - TcpConnection.cc:241
2025/05/11 19:55:960997 INFO  func =>fd13events=0index=1 - EPollPoller.cc:66
2025/05/11 19:55:961006 INFO  Connection DOWN :127.0.0.1:39622 - main.cc:44
2025/05/11 19:55:961023 INFO  TcpServer::removeConnectionInLoop [EchoServer] - connection %sEchoServer-127.0.0.1:8080#2 - TcpServer.cc:114
2025/05/11 19:55:961044 INFO  removeChannel fd=13 - EPollPoller.cc:102
2025/05/11 19:55:961049 INFO  TcpConnection::dtor[EchoServer-127.0.0.1:8080#2]at fd=13state=0 - TcpConnection.cc:58
2025/05/11 19:55:961081 INFO  fd total count:2 - EPollPoller.cc:32
2025/05/11 19:55:225569 DEBUG timeout! - EPollPoller.cc:49
2025/05/11 19:55:225607 INFO  fd total count:1 - EPollPoller.cc:32
2025/05/11 19:55:228064 DEBUG timeout! - EPollPoller.cc:49
2025/05/11 19:55:228122 INFO  fd total count:1 - EPollPoller.cc:32
2025/05/11 19:55:229518 DEBUG timeout! - EPollPoller.cc:49
2025/05/11 19:55:229538 INFO  fd total count:1 - EPollPoller.cc:32
2025/05/11 19:55:963184 DEBUG timeout! - EPollPoller.cc:49
2025/05/11 19:55:963257 INFO  fd total count:2 - EPollPoller.cc:32
2025/05/11 19:55:235649 DEBUG timeout! - EPollPoller.cc:49
2025/05/11 19:55:235686 INFO  fd total count:1 - EPollPoller.cc:32
2025/05/11 19:55:238190 DEBUG timeout! - EPollPoller.cc:49
2025/05/11 19:55:238249 INFO  fd total count:1 - EPollPoller.cc:32
2025/05/11 19:55:239566 DEBUG timeout! - EPollPoller.cc:49
2025/05/11 19:55:239587 INFO  fd total count:1 - EPollPoller.cc:32
2025/05/11 19:55:142042 INFO  events happend1 - EPollPoller.cc:40
2025/05/11 19:55:142142 INFO  channel handleEvent revents:1 - Channel.cc:73
2025/05/11 19:55:142209 ERROR EventLoopThreadPool::getNextLoop ERROR - EventLoopThreadPool.cc:43
2025/05/11 19:55:142225 INFO  TcpServer::newConnection [EchoServer]- new connection [EchoServer-127.0.0.1:8080#3]from %s127.0.0.1:39624 - TcpServer.cc:75
2025/05/11 19:55:142266 INFO  TcpConnection::ctor:[EchoServer-127.0.0.1:8080#3]at fd=13 - TcpConnection.cc:52
2025/05/11 19:55:142312 INFO  func =>fd13events=3index=-1 - EPollPoller.cc:66
2025/05/11 19:55:142342 INFO  Connection UP :127.0.0.1:39624 - main.cc:40
2025/05/11 19:55:142365 INFO  fd total count:3 - EPollPoller.cc:32
2025/05/11 19:55:166203 INFO  events happend1 - EPollPoller.cc:40
2025/05/11 19:55:166244 INFO  channel handleEvent revents:1 - Channel.cc:73
2025/05/11 19:55:166305 INFO  fd total count:3 - EPollPoller.cc:32
2025/05/11 19:55:133536 INFO  events happend1 - EPollPoller.cc:40
2025/05/11 19:55:133600 INFO  channel handleEvent revents:1 - Channel.cc:73
2025/05/11 19:55:133734 INFO  fd total count:3 - EPollPoller.cc:32
2025/05/11 19:55:236857 DEBUG timeout! - EPollPoller.cc:49
2025/05/11 19:55:236918 INFO  fd total count:1 - EPollPoller.cc:32
2025/05/11 19:55:247156 DEBUG timeout! - EPollPoller.cc:49
2025/05/11 19:55:247217 INFO  fd total count:1 - EPollPoller.cc:32
2025/05/11 19:55:249660 DEBUG timeout! - EPollPoller.cc:49
2025/05/11 19:55:249721 INFO  fd total count:1 - EPollPoller.cc:32
2025/05/11 19:55:143781 DEBUG timeout! - EPollPoller.cc:49
2025/05/11 19:55:143819 INFO  fd total count:3 - EPollPoller.cc:32
2025/05/11 19:55:246989 DEBUG timeout! - EPollPoller.cc:49
2025/05/11 19:55:247048 INFO  fd total count:1 - EPollPoller.cc:32
2025/05/11 19:55:257268 DEBUG timeout! - EPollPoller.cc:49
2025/05/11 19:55:257299 INFO  fd total count:1 - EPollPoller.cc:32
2025/05/11 19:55:259766 DEBUG timeout! - EPollPoller.cc:49
2025/05/11 19:55:259787 INFO  fd total count:1 - EPollPoller.cc:32
2025/05/11 19:56:153899 DEBUG timeout! - EPollPoller.cc:49
2025/05/11 19:56:153971 INFO  fd total count:3 - EPollPoller.cc:32
2025/05/11 19:56:257118 DEBUG timeout! - EPollPoller.cc:49
2025/05/11 19:56:257171 INFO  fd total count:1 - EPollPoller.cc:32
2025/05/11 19:56:267347 DEBUG timeout! - EPollPoller.cc:49
2025/05/11 19:56:267376 INFO  fd total count:1 - EPollPoller.cc:32
2025/05/11 19:56:269914 DEBUG timeout! - EPollPoller.cc:49
2025/05/11 19:56:269967 INFO  fd total count:1 - EPollPoller.cc:32
2025/05/11 19:56:164019 DEBUG timeout! - EPollPoller.cc:49
2025/05/11 19:56:164075 INFO  fd total count:3 - EPollPoller.cc:32
2025/05/11 19:56:267312 DEBUG timeout! - EPollPoller.cc:49
2025/05/11 19:56:267384 INFO  fd total count:1 - EPollPoller.cc:32
2025/05/11 19:56:277492 DEBUG timeout! - EPollPoller.cc:49
2025/05/11 19:56:277551 INFO  fd total count:1 - EPollPoller.cc:32
2025/05/11 19:56:280093 DEBUG timeout! - EPollPoller.cc:49
2025/05/11 19:56:280150 INFO  fd total count:1 - EPollPoller.cc:32
2025/05/11 19:56:174117 DEBUG timeout! - EPollPoller.cc:49
2025/05/11 19:56:174157 INFO  fd total count:3 - EPollPoller.cc:32
2025/05/11 19:56:277431 DEBUG timeout! - EPollPoller.cc:49
2025/05/11 19:56:277458 INFO  fd total count:1 - EPollPoller.cc:32
2025/05/11 19:56:287619 DEBUG timeout! - EPollPoller.cc:49
2025/05/11 19:56:287672 INFO  fd total count:1 - EPollPoller.cc:32
2025/05/11 19:56:290199 DEBUG timeout! - EPollPoller.cc:49
2025/05/11 19:56:290222 INFO  fd total count:1 - EPollPoller.cc:32
2025/05/11 19:56:184193 DEBUG timeout! - EPollPoller.cc:49
2025/05/11 19:56:184238 INFO  fd total count:3 - EPollPoller.cc:32
2025/05/11 19:56:287497 DEBUG timeout! - EPollPoller.cc:49
2025/05/11 19:56:287527 INFO  fd total count:1 - EPollPoller.cc:32
2025/05/11 19:56:297736 DEBUG timeout! - EPollPoller.cc:49
2025/05/11 19:56:297759 INFO  fd total count:1 - EPollPoller.cc:32
2025/05/11 19:56:300273 DEBUG timeout! - EPollPoller.cc:49
2025/05/11 19:56:300323 INFO  fd total count:1 - EPollPoller.cc:32
2025/05/11 19:56:194286 DEBUG timeout! - EPollPoller.cc:49
2025/05/11 19:56:194332 INFO  fd total count:3 - EPollPoller.cc:32
2025/05/11 19:56:297612 DEBUG timeout! - EPollPoller.cc:49
2025/05/11 19:56:297670 INFO  fd total count:1 - EPollPoller.cc:32
2025/05/11 19:56:307819 DEBUG timeout! - EPollPoller.cc:49
2025/05/11 19:56:307881 INFO  fd total count:1 - EPollPoller.cc:32
2025/05/11 19:56:310355 DEBUG timeout! - EPollPoller.cc:49
2025/05/11 19:56:310373 INFO  fd total count:1 - EPollPoller.cc:32
2025/05/11 19:56:204368 DEBUG timeout! - EPollPoller.cc:49
2025/05/11 19:56:204405 INFO  fd total count:3 - EPollPoller.cc:32
2025/05/11 19:56:307740 DEBUG timeout! - EPollPoller.cc:49
2025/05/11 19:56:307797 INFO  fd total count:1 - EPollPoller.cc:32
2025/05/11 19:56:317959 DEBUG timeout! - EPollPoller.cc:49
2025/05/11 19:56:318014 INFO  fd total count:1 - EPollPoller.cc:32
2025/05/11 19:56:320423 DEBUG timeout! - EPollPoller.cc:49
2025/05/11 19:56:320473 INFO  fd total count:1 - EPollPoller.cc:32
2025/05/11 19:57:214440 DEBUG timeout! - EPollPoller.cc:49
2025/05/11 19:57:214485 INFO  fd total count:3 - EPollPoller.cc:32
2025/05/11 19:57:317867 DEBUG timeout! - EPollPoller.cc:49
2025/05/11 19:57:317924 INFO  fd total count:1 - EPollPoller.cc:32
2025/05/11 19:57:328075 DEBUG timeout! - EPollPoller.cc:49
2025/05/11 19:57:328102 INFO  fd total count:1 - EPollPoller.cc:32
2025/05/11 19:57:330547 DEBUG timeout! - EPollPoller.cc:49
2025/05/11 19:57:330598 INFO  fd total count:1 - EPollPoller.cc:32
2025/05/11 19:57:224560 DEBUG timeout! - EPollPoller.cc:49
2025/05/11 19:57:224635 INFO  fd total count:3 - EPollPoller.cc:32
2025/05/11 19:57:327971 DEBUG timeout! - EPollPoller.cc:49
2025/05/11 19:57:328012 INFO  fd total count:1 - EPollPoller.cc:32
2025/05/11 19:57:338162 DEBUG timeout! - EPollPoller.cc:49
2025/05/11 19:57:338218 INFO  fd total count:1 - EPollPoller.cc:32
2025/05/11 19:57:340634 DEBUG timeout! - EPollPoller.cc:49
2025/05/11 19:57:340653 INFO  fd total count:1 - EPollPoller.cc:32
2025/05/11 19:57:234722 DEBUG timeout! - EPollPoller.cc:49
2025/05/11 19:57:234795 INFO  fd total count:3 - EPollPoller.cc:32
2025/05/11 19:57:338080 DEBUG timeout! - EPollPoller.cc:49
2025/05/11 19:57:338147 INFO  fd total count:1 - EPollPoller.cc:32
2025/05/11 19:57:348331 DEBUG timeout! - EPollPoller.cc:49
2025/05/11 19:57:348386 INFO  fd total count:1 - EPollPoller.cc:32
2025/05/11 19:57:350741 DEBUG timeout! - EPollPoller.cc:49
2025/05/11 19:57:350791 INFO  fd total count:1 - EPollPoller.cc:32
2025/05/11 19:57:244893 DEBUG timeout! - EPollPoller.cc:49
2025/05/11 19:57:244964 INFO  fd total count:3 - EPollPoller.cc:32
2025/05/11 19:57:348242 DEBUG timeout! - EPollPoller.cc:49
2025/05/11 19:57:348308 INFO  fd total count:1 - EPollPoller.cc:32
2025/05/11 19:57:358469 DEBUG timeout! - EPollPoller.cc:49
2025/05/11 19:57:358528 INFO  fd total count:1 - EPollPoller.cc:32
2025/05/11 19:57:360833 DEBUG timeout! - EPollPoller.cc:49
2025/05/11 19:57:360854 INFO  fd total count:1 - EPollPoller.cc:32
2025/05/11 19:57:255014 DEBUG timeout! - EPollPoller.cc:49
2025/05/11 19:57:255060 INFO  fd total count:3 - EPollPoller.cc:32
2025/05/11 19:57:358411 DEBUG timeout! - EPollPoller.cc:49
2025/05/11 19:57:358468 INFO  fd total count:1 - EPollPoller.cc:32
2025/05/11 19:57:368636 DEBUG timeout! - EPollPoller.cc:49
2025/05/11 19:57:368695 INFO  fd total count:1 - EPollPoller.cc:32
2025/05/11 19:57:370883 DEBUG timeout! - EPollPoller.cc:49
2025/05/11 19:57:370904 INFO  fd total count:1 - EPollPoller.cc:32
2025/05/11 19:57:265100 DEBUG timeout! - EPollPoller.cc:49
2025/05/11 19:57:265135 INFO  fd total count:3 - EPollPoller.cc:32
2025/05/11 19:57:368514 DEBUG timeout! - EPollPoller.cc:49
2025/05/11 19:57:368537 INFO  fd total count:1 - EPollPoller.cc:32
2025/05/11 19:57:378793 DEBUG timeout! - EPollPoller.cc:49
2025/05/11 19:57:378854 INFO  fd total count:1 - EPollPoller.cc:32
2025/05/11 19:57:380939 DEBUG timeout! - EPollPoller.cc:49
2025/05/11 19:57:380961 INFO  fd total count:1 - EPollPoller.cc:32
2025/05/11 19:58:275175 DEBUG timeout! - EPollPoller.cc:49
2025/05/11 19:58:275215 INFO  fd total count:3 - EPollPoller.cc:32
2025/05/11 19:58:378595 DEBUG timeout! - EPollPoller.cc:49
2025/05/11 19:58:378651 INFO  fd total count:1 - EPollPoller.cc:32
2025/05/11 19:58:388950 DEBUG timeout! - EPollPoller.cc:49
2025/05/11 19:58:389012 INFO  fd total count:1 - EPollPoller.cc:32
2025/05/11 19:58:391046 DEBUG timeout! - EPollPoller.cc:49
2025/05/11 19:58:391099 INFO  fd total count:1 - EPollPoller.cc:32
2025/05/11 19:58:285263 DEBUG timeout! - EPollPoller.cc:49
2025/05/11 19:58:285305 INFO  fd total count:3 - EPollPoller.cc:32
2025/05/11 19:58:386509 DEBUG timeout! - EPollPoller.cc:49
2025/05/11 19:58:386527 INFO  fd total count:1 - EPollPoller.cc:32
2025/05/11 19:58:399063 DEBUG timeout! - EPollPoller.cc:49
2025/05/11 19:58:399093 INFO  fd total count:1 - EPollPoller.cc:32
2025/05/11 19:58:401205 DEBUG timeout! - EPollPoller.cc:49
2025/05/11 19:58:401257 INFO  fd total count:1 - EPollPoller.cc:32
2025/05/11 19:58:295355 DEBUG timeout! - EPollPoller.cc:49
2025/05/11 19:58:295393 INFO  fd total count:3 - EPollPoller.cc:32
2025/05/11 19:58:396554 DEBUG timeout! - EPollPoller.cc:49
2025/05/11 19:58:396564 INFO  fd total count:1 - EPollPoller.cc:32
2025/05/11 19:58:409147 DEBUG timeout! - EPollPoller.cc:49
2025/05/11 19:58:409217 INFO  fd total count:1 - EPollPoller.cc:32
2025/05/11 19:58:411298 DEBUG timeout! - EPollPoller.cc:49
2025/05/11 19:58:411319 INFO  fd total count:1 - EPollPoller.cc:32
2025/05/11 19:58:305463 DEBUG timeout! - EPollPoller.cc:49
2025/05/11 19:58:305531 INFO  fd total count:3 - EPollPoller.cc:32
2025/05/11 19:58:406650 DEBUG timeout! - EPollPoller.cc:49
2025/05/11 19:58:406690 INFO  fd total count:1 - EPollPoller.cc:32
2025/05/11 19:58:419289 DEBUG timeout! - EPollPoller.cc:49
2025/05/11 19:58:419363 INFO  fd total count:1 - EPollPoller.cc:32
2025/05/11 19:58:421372 DEBUG timeout! - EPollPoller.cc:49
2025/05/11 19:58:421420 INFO  fd total count:1 - EPollPoller.cc:32
2025/05/11 19:58:315643 DEBUG timeout! - EPollPoller.cc:49
2025/05/11 19:58:315741 INFO  fd total count:3 - EPollPoller.cc:32
2025/05/11 19:58:416784 DEBUG timeout! - EPollPoller.cc:49
2025/05/11 19:58:416816 INFO  fd total count:1 - EPollPoller.cc:32
2025/05/11 19:58:429424 DEBUG timeout! - EPollPoller.cc:49
2025/05/11 19:58:429466 INFO  fd total count:1 - EPollPoller.cc:32
2025/05/11 19:58:431462 DEBUG timeout! - EPollPoller.cc:49
2025/05/11 19:58:431484 INFO  fd total count:1 - EPollPoller.cc:32
2025/05/11 19:58:325809 DEBUG timeout! - EPollPoller.cc:49
2025/05/11 19:58:325872 INFO  fd total count:3 - EPollPoller.cc:32
2025/05/11 19:58:426882 DEBUG timeout! - EPollPoller.cc:49
2025/05/11 19:58:426915 INFO  fd total count:1 - EPollPoller.cc:32
2025/05/11 19:58:439498 DEBUG timeout! - EPollPoller.cc:49
2025/05/11 19:58:439537 INFO  fd total count:1 - EPollPoller.cc:32
2025/05/11 19:58:441509 DEBUG timeout! - EPollPoller.cc:49
2025/05/11 19:58:441531 INFO  fd total count:1 - EPollPoller.cc:32
2025/05/11 19:59:335940 DEBUG timeout! - EPollPoller.cc:49
2025/05/11 19:59:336014 INFO  fd total count:3 - EPollPoller.cc:32
2025/05/11 19:59:437020 DEBUG timeout! - EPollPoller.cc:49
2025/05/11 19:59:437067 INFO  fd total count:1 - EPollPoller.cc:32
2025/05/11 19:59:449582 DEBUG timeout! - EPollPoller.cc:49
2025/05/11 19:59:449624 INFO  fd total count:1 - EPollPoller.cc:32
2025/05/11 19:59:451352 DEBUG timeout! - EPollPoller.cc:49
2025/05/11 19:59:451367 INFO  fd total count:1 - EPollPoller.cc:32
2025/05/11 19:59:346054 DEBUG timeout! - EPollPoller.cc:49
2025/05/11 19:59:346094 INFO  fd total count:3 - EPollPoller.cc:32
2025/05/11 19:59:447152 DEBUG timeout! - EPollPoller.cc:49
2025/05/11 19:59:447202 INFO  fd total count:1 - EPollPoller.cc:32
2025/05/11 19:59:459720 DEBUG timeout! - EPollPoller.cc:49
2025/05/11 19:59:459793 INFO  fd total count:1 - EPollPoller.cc:32
2025/05/11 19:59:461441 DEBUG timeout! - EPollPoller.cc:49
2025/05/11 19:59:461467 INFO  fd total count:1 - EPollPoller.cc:32
2025/05/11 19:59:356157 DEBUG timeout! - EPollPoller.cc:49
2025/05/11 19:59:356227 INFO  fd total count:3 - EPollPoller.cc:32
2025/05/11 19:59:457315 DEBUG timeout! - EPollPoller.cc:49
2025/05/11 19:59:457376 INFO  fd total count:1 - EPollPoller.cc:32
2025/05/11 19:59:469859 DEBUG timeout! - EPollPoller.cc:49
2025/05/11 19:59:469902 INFO  fd total count:1 - EPollPoller.cc:32
2025/05/11 19:59:471524 DEBUG timeout! - EPollPoller.cc:49
2025/05/11 19:59:471546 INFO  fd total count:1 - EPollPoller.cc:32
2025/05/11 19:59:366282 DEBUG timeout! - EPollPoller.cc:49
2025/05/11 19:59:366328 INFO  fd total count:3 - EPollPoller.cc:32
2025/05/11 19:59:467424 DEBUG timeout! - EPollPoller.cc:49
2025/05/11 19:59:467441 INFO  fd total count:1 - EPollPoller.cc:32
2025/05/11 19:59:479965 DEBUG timeout! - EPollPoller.cc:49
2025/05/11 19:59:479996 INFO  fd total count:1 - EPollPoller.cc:32
2025/05/11 19:59:481574 DEBUG timeout! - EPollPoller.cc:49
2025/05/11 19:59:481583 INFO  fd total count:1 - EPollPoller.cc:32
2025/05/11 19:59:376417 DEBUG timeout! - EPollPoller.cc:49
2025/05/11 19:59:376488 INFO  fd total count:3 - EPollPoller.cc:32
2025/05/11 19:59:477510 DEBUG timeout! - EPollPoller.cc:49
2025/05/11 19:59:477548 INFO  fd total count:1 - EPollPoller.cc:32
2025/05/11 19:59:490045 DEBUG timeout! - EPollPoller.cc:49
2025/05/11 19:59:490087 INFO  fd total count:1 - EPollPoller.cc:32
2025/05/11 19:59:491624 DEBUG timeout! - EPollPoller.cc:49
2025/05/11 19:59:491638 INFO  fd total count:1 - EPollPoller.cc:32
2025/05/11 19:59:386550 DEBUG timeout! - EPollPoller.cc:49
2025/05/11 19:59:386613 INFO  fd total count:3 - EPollPoller.cc:32
2025/05/11 19:59:487602 DEBUG timeout! - EPollPoller.cc:49
2025/05/11 19:59:487623 INFO  fd total count:1 - EPollPoller.cc:32
2025/05/11 19:59:500139 DEBUG timeout! - EPollPoller.cc:49
2025/05/11 19:59:500205 INFO  fd total count:1 - EPollPoller.cc:32
2025/05/11 19:59:501684 DEBUG timeout! - EPollPoller.cc:49
2025/05/11 19:59:501698 INFO  fd total count:1 - EPollPoller.cc:32
2025/05/11 20:00:396670 DEBUG timeout! - EPollPoller.cc:49
2025/05/11 20:00:396707 INFO  fd total count:3 - EPollPoller.cc:32
2025/05/11 20:00:497652 DEBUG timeout! - EPollPoller.cc:49
2025/05/11 20:00:497669 INFO  fd total count:1 - EPollPoller.cc:32
2025/05/11 20:00:510264 DEBUG timeout! - EPollPoller.cc:49
2025/05/11 20:00:510328 INFO  fd total count:1 - EPollPoller.cc:32
2025/05/11 20:00:511728 DEBUG timeout! - EPollPoller.cc:49
2025/05/11 20:00:511734 INFO  fd total count:1 - EPollPoller.cc:32
