2025/06/30 16:28:737612 DEBUG EventLoop createdtruein thread271596 - EventLoop.cc:53
2025/06/30 16:28:737680 INFO  func =>fd5events=3index=-1 - EPollPoller.cc:91
2025/06/30 16:28:737911 INFO  LlamaService 初始化，连接到 127.0.0.1:8899 (使用CPU) - main.cc:103
2025/06/30 16:28:738062 DEBUG EventLoop createdtruein thread271603 - EventLoop.cc:53
2025/06/30 16:28:738080 INFO  func =>fd8events=3index=-1 - EPollPoller.cc:91
2025/06/30 16:28:738099 INFO  EventLoop start looping - EventLoop.cc:82
2025/06/30 16:28:738103 INFO  fd total count:1 - EPollPoller.cc:34
2025/06/30 16:28:738240 DEBUG EventLoop createdtruein thread271604 - EventLoop.cc:53
2025/06/30 16:28:738257 INFO  func =>fd10events=3index=-1 - EPollPoller.cc:91
2025/06/30 16:28:738272 INFO  EventLoop start looping - EventLoop.cc:82
2025/06/30 16:28:738276 INFO  fd total count:1 - EPollPoller.cc:34
2025/06/30 16:28:738529 DEBUG EventLoop createdtruein thread271605 - EventLoop.cc:53
2025/06/30 16:28:738573 INFO  func =>fd12events=3index=-1 - EPollPoller.cc:91
2025/06/30 16:28:738615 INFO  EventLoop start looping - EventLoop.cc:82
2025/06/30 16:28:738625 INFO  fd total count:1 - EPollPoller.cc:34
2025/06/30 16:28:738627 INFO  func =>fd6events=3index=-1 - EPollPoller.cc:91
2025/06/30 16:28:738707 INFO  EventLoop start looping - EventLoop.cc:82
2025/06/30 16:28:738712 INFO  fd total count:2 - EPollPoller.cc:34
2025/06/30 16:28:748176 DEBUG timeout! - EPollPoller.cc:62
2025/06/30 16:28:748215 INFO  fd total count:1 - EPollPoller.cc:34
2025/06/30 16:28:748329 DEBUG timeout! - EPollPoller.cc:62
2025/06/30 16:28:748384 INFO  fd total count:1 - EPollPoller.cc:34
2025/06/30 16:28:748760 DEBUG timeout! - EPollPoller.cc:62
2025/06/30 16:28:748802 DEBUG timeout! - EPollPoller.cc:62
2025/06/30 16:28:748828 INFO  fd total count:2 - EPollPoller.cc:34
2025/06/30 16:28:748808 INFO  fd total count:1 - EPollPoller.cc:34
2025/06/30 16:28:756795 DEBUG timeout! - EPollPoller.cc:62
2025/06/30 16:28:756855 INFO  fd total count:1 - EPollPoller.cc:34
2025/06/30 16:28:758326 DEBUG timeout! - EPollPoller.cc:62
2025/06/30 16:28:758387 INFO  fd total count:1 - EPollPoller.cc:34
2025/06/30 16:28:758461 DEBUG timeout! - EPollPoller.cc:62
2025/06/30 16:28:758513 INFO  fd total count:1 - EPollPoller.cc:34
2025/06/30 16:28:758887 DEBUG timeout! - EPollPoller.cc:62
2025/06/30 16:28:758908 INFO  fd total count:2 - EPollPoller.cc:34
2025/06/30 16:28:766952 DEBUG timeout! - EPollPoller.cc:62
2025/06/30 16:28:766992 INFO  fd total count:2 - EPollPoller.cc:34
2025/06/30 16:28:766956 DEBUG timeout! - EPollPoller.cc:62
2025/06/30 16:28:767050 INFO  fd total count:1 - EPollPoller.cc:34
2025/06/30 16:28:768441 DEBUG timeout! - EPollPoller.cc:62
2025/06/30 16:28:768462 INFO  fd total count:1 - EPollPoller.cc:34
2025/06/30 16:28:768559 DEBUG timeout! - EPollPoller.cc:62
2025/06/30 16:28:768579 INFO  fd total count:1 - EPollPoller.cc:34
2025/06/30 16:28:777071 DEBUG timeout! - EPollPoller.cc:62
2025/06/30 16:28:777134 INFO  fd total count:2 - EPollPoller.cc:34
2025/06/30 16:28:777134 DEBUG timeout! - EPollPoller.cc:62
2025/06/30 16:28:777234 INFO  fd total count:1 - EPollPoller.cc:34
2025/06/30 16:28:778555 DEBUG timeout! - EPollPoller.cc:62
2025/06/30 16:28:778599 INFO  fd total count:1 - EPollPoller.cc:34
2025/06/30 16:28:778659 DEBUG timeout! - EPollPoller.cc:62
2025/06/30 16:28:778707 INFO  fd total count:1 - EPollPoller.cc:34
2025/06/30 16:29:787235 DEBUG timeout! - EPollPoller.cc:62
2025/06/30 16:29:787294 INFO  fd total count:2 - EPollPoller.cc:34
2025/06/30 16:29:787330 DEBUG timeout! - EPollPoller.cc:62
2025/06/30 16:29:787362 INFO  fd total count:1 - EPollPoller.cc:34
2025/06/30 16:29:788644 DEBUG timeout! - EPollPoller.cc:62
2025/06/30 16:29:788663 INFO  fd total count:1 - EPollPoller.cc:34
2025/06/30 16:29:788787 DEBUG timeout! - EPollPoller.cc:62
2025/06/30 16:29:788835 INFO  fd total count:1 - EPollPoller.cc:34
2025/06/30 16:29:797385 DEBUG timeout! - EPollPoller.cc:62
2025/06/30 16:29:797445 INFO  fd total count:2 - EPollPoller.cc:34
2025/06/30 16:29:797452 DEBUG timeout! - EPollPoller.cc:62
2025/06/30 16:29:797521 INFO  fd total count:1 - EPollPoller.cc:34
2025/06/30 16:29:798792 DEBUG timeout! - EPollPoller.cc:62
2025/06/30 16:29:798841 INFO  fd total count:1 - EPollPoller.cc:34
2025/06/30 16:29:798933 DEBUG timeout! - EPollPoller.cc:62
2025/06/30 16:29:798983 INFO  fd total count:1 - EPollPoller.cc:34
2025/06/30 16:29:807505 DEBUG timeout! - EPollPoller.cc:62
2025/06/30 16:29:807539 INFO  fd total count:2 - EPollPoller.cc:34
2025/06/30 16:29:807623 DEBUG timeout! - EPollPoller.cc:62
2025/06/30 16:29:807673 INFO  fd total count:1 - EPollPoller.cc:34
2025/06/30 16:29:808906 DEBUG timeout! - EPollPoller.cc:62
2025/06/30 16:29:808929 INFO  fd total count:1 - EPollPoller.cc:34
2025/06/30 16:29:809023 DEBUG timeout! - EPollPoller.cc:62
2025/06/30 16:29:809043 INFO  fd total count:1 - EPollPoller.cc:34
2025/06/30 16:29:817601 DEBUG timeout! - EPollPoller.cc:62
2025/06/30 16:29:817634 INFO  fd total count:2 - EPollPoller.cc:34
2025/06/30 16:29:817730 DEBUG timeout! - EPollPoller.cc:62
2025/06/30 16:29:817754 INFO  fd total count:1 - EPollPoller.cc:34
2025/06/30 16:29:818992 DEBUG timeout! - EPollPoller.cc:62
2025/06/30 16:29:819013 INFO  fd total count:1 - EPollPoller.cc:34
2025/06/30 16:29:819124 DEBUG timeout! - EPollPoller.cc:62
2025/06/30 16:29:819174 INFO  fd total count:1 - EPollPoller.cc:34
2025/06/30 16:29:827711 DEBUG timeout! - EPollPoller.cc:62
2025/06/30 16:29:827768 INFO  fd total count:2 - EPollPoller.cc:34
2025/06/30 16:29:827821 DEBUG timeout! - EPollPoller.cc:62
2025/06/30 16:29:827853 INFO  fd total count:1 - EPollPoller.cc:34
2025/06/30 16:29:829080 DEBUG timeout! - EPollPoller.cc:62
2025/06/30 16:29:829130 INFO  fd total count:1 - EPollPoller.cc:34
2025/06/30 16:29:829271 DEBUG timeout! - EPollPoller.cc:62
2025/06/30 16:29:829323 INFO  fd total count:1 - EPollPoller.cc:34
2025/06/30 16:29:837879 DEBUG timeout! - EPollPoller.cc:62
2025/06/30 16:29:837928 DEBUG timeout! - EPollPoller.cc:62
2025/06/30 16:29:837945 INFO  fd total count:2 - EPollPoller.cc:34
2025/06/30 16:29:837961 INFO  fd total count:1 - EPollPoller.cc:34
2025/06/30 16:29:839325 DEBUG timeout! - EPollPoller.cc:62
2025/06/30 16:29:839364 DEBUG timeout! - EPollPoller.cc:62
2025/06/30 16:29:839384 INFO  fd total count:1 - EPollPoller.cc:34
2025/06/30 16:29:839388 INFO  fd total count:1 - EPollPoller.cc:34
2025/06/30 16:30:842168 DEBUG timeout! - EPollPoller.cc:62
2025/06/30 16:30:842230 INFO  fd total count:1 - EPollPoller.cc:34
2025/06/30 16:30:848018 DEBUG timeout! - EPollPoller.cc:62
2025/06/30 16:30:848045 INFO  fd total count:1 - EPollPoller.cc:34
2025/06/30 16:30:848021 DEBUG timeout! - EPollPoller.cc:62
2025/06/30 16:30:848123 INFO  fd total count:2 - EPollPoller.cc:34
2025/06/30 16:30:849457 DEBUG timeout! - EPollPoller.cc:62
2025/06/30 16:30:849504 INFO  fd total count:1 - EPollPoller.cc:34
2025/06/30 16:30:852322 DEBUG timeout! - EPollPoller.cc:62
2025/06/30 16:30:852363 INFO  fd total count:1 - EPollPoller.cc:34
2025/06/30 16:30:852329 DEBUG timeout! - EPollPoller.cc:62
2025/06/30 16:30:852428 INFO  fd total count:1 - EPollPoller.cc:34
2025/06/30 16:30:858245 DEBUG timeout! - EPollPoller.cc:62
2025/06/30 16:30:858295 INFO  fd total count:2 - EPollPoller.cc:34
2025/06/30 16:30:859601 DEBUG timeout! - EPollPoller.cc:62
2025/06/30 16:30:859622 INFO  fd total count:1 - EPollPoller.cc:34
2025/06/30 16:30:862410 DEBUG timeout! - EPollPoller.cc:62
2025/06/30 16:30:862441 INFO  fd total count:1 - EPollPoller.cc:34
2025/06/30 16:30:862500 DEBUG timeout! - EPollPoller.cc:62
2025/06/30 16:30:862524 INFO  fd total count:1 - EPollPoller.cc:34
2025/06/30 16:30:868411 DEBUG timeout! - EPollPoller.cc:62
2025/06/30 16:30:868458 INFO  fd total count:2 - EPollPoller.cc:34
2025/06/30 16:30:869688 DEBUG timeout! - EPollPoller.cc:62
2025/06/30 16:30:869709 INFO  fd total count:1 - EPollPoller.cc:34
2025/06/30 16:30:872481 DEBUG timeout! - EPollPoller.cc:62
2025/06/30 16:30:872516 INFO  fd total count:1 - EPollPoller.cc:34
2025/06/30 16:30:872576 DEBUG timeout! - EPollPoller.cc:62
2025/06/30 16:30:872621 INFO  fd total count:1 - EPollPoller.cc:34
2025/06/30 16:30:878587 DEBUG timeout! - EPollPoller.cc:62
2025/06/30 16:30:878641 INFO  fd total count:2 - EPollPoller.cc:34
2025/06/30 16:30:879768 DEBUG timeout! - EPollPoller.cc:62
2025/06/30 16:30:879813 INFO  fd total count:1 - EPollPoller.cc:34
2025/06/30 16:30:882593 DEBUG timeout! - EPollPoller.cc:62
2025/06/30 16:30:882658 INFO  fd total count:1 - EPollPoller.cc:34
2025/06/30 16:30:882694 DEBUG timeout! - EPollPoller.cc:62
2025/06/30 16:30:882726 INFO  fd total count:1 - EPollPoller.cc:34
2025/06/30 16:30:888704 DEBUG timeout! - EPollPoller.cc:62
2025/06/30 16:30:888726 INFO  fd total count:2 - EPollPoller.cc:34
2025/06/30 16:30:889945 DEBUG timeout! - EPollPoller.cc:62
2025/06/30 16:30:889993 INFO  fd total count:1 - EPollPoller.cc:34
2025/06/30 16:30:892710 DEBUG timeout! - EPollPoller.cc:62
2025/06/30 16:30:892741 INFO  fd total count:1 - EPollPoller.cc:34
2025/06/30 16:30:892834 DEBUG timeout! - EPollPoller.cc:62
2025/06/30 16:30:892889 INFO  fd total count:1 - EPollPoller.cc:34
2025/06/30 16:30:898859 DEBUG timeout! - EPollPoller.cc:62
2025/06/30 16:30:898911 INFO  fd total count:2 - EPollPoller.cc:34
2025/06/30 16:30:900052 DEBUG timeout! - EPollPoller.cc:62
2025/06/30 16:30:900071 INFO  fd total count:1 - EPollPoller.cc:34
2025/06/30 16:31:902806 DEBUG timeout! - EPollPoller.cc:62
2025/06/30 16:31:902869 INFO  fd total count:1 - EPollPoller.cc:34
2025/06/30 16:31:902945 DEBUG timeout! - EPollPoller.cc:62
2025/06/30 16:31:902978 INFO  fd total count:1 - EPollPoller.cc:34
2025/06/30 16:31:908978 DEBUG timeout! - EPollPoller.cc:62
2025/06/30 16:31:908997 INFO  fd total count:2 - EPollPoller.cc:34
2025/06/30 16:31:910106 DEBUG timeout! - EPollPoller.cc:62
2025/06/30 16:31:910124 INFO  fd total count:1 - EPollPoller.cc:34
2025/06/30 16:31:912965 DEBUG timeout! - EPollPoller.cc:62
2025/06/30 16:31:912999 INFO  fd total count:1 - EPollPoller.cc:34
2025/06/30 16:31:913069 DEBUG timeout! - EPollPoller.cc:62
2025/06/30 16:31:913123 INFO  fd total count:1 - EPollPoller.cc:34
2025/06/30 16:31:919096 DEBUG timeout! - EPollPoller.cc:62
2025/06/30 16:31:919146 INFO  fd total count:2 - EPollPoller.cc:34
2025/06/30 16:31:920169 DEBUG timeout! - EPollPoller.cc:62
2025/06/30 16:31:920189 INFO  fd total count:1 - EPollPoller.cc:34
2025/06/30 16:31:923085 DEBUG timeout! - EPollPoller.cc:62
2025/06/30 16:31:923115 INFO  fd total count:1 - EPollPoller.cc:34
2025/06/30 16:31:923195 DEBUG timeout! - EPollPoller.cc:62
2025/06/30 16:31:923249 INFO  fd total count:1 - EPollPoller.cc:34
2025/06/30 16:31:929258 DEBUG timeout! - EPollPoller.cc:62
2025/06/30 16:31:929307 INFO  fd total count:2 - EPollPoller.cc:34
2025/06/30 16:31:930239 DEBUG timeout! - EPollPoller.cc:62
2025/06/30 16:31:930288 INFO  fd total count:1 - EPollPoller.cc:34
2025/06/30 16:31:933210 DEBUG timeout! - EPollPoller.cc:62
2025/06/30 16:31:933242 INFO  fd total count:1 - EPollPoller.cc:34
2025/06/30 16:31:933378 DEBUG timeout! - EPollPoller.cc:62
2025/06/30 16:31:933430 INFO  fd total count:1 - EPollPoller.cc:34
2025/06/30 16:31:939432 DEBUG timeout! - EPollPoller.cc:62
2025/06/30 16:31:939483 INFO  fd total count:2 - EPollPoller.cc:34
2025/06/30 16:31:940377 DEBUG timeout! - EPollPoller.cc:62
2025/06/30 16:31:940425 INFO  fd total count:1 - EPollPoller.cc:34
2025/06/30 16:31:943318 DEBUG timeout! - EPollPoller.cc:62
2025/06/30 16:31:943348 INFO  fd total count:1 - EPollPoller.cc:34
2025/06/30 16:31:943481 DEBUG timeout! - EPollPoller.cc:62
2025/06/30 16:31:943502 INFO  fd total count:1 - EPollPoller.cc:34
2025/06/30 16:31:949610 DEBUG timeout! - EPollPoller.cc:62
2025/06/30 16:31:949660 INFO  fd total count:2 - EPollPoller.cc:34
2025/06/30 16:31:950491 DEBUG timeout! - EPollPoller.cc:62
2025/06/30 16:31:950512 INFO  fd total count:1 - EPollPoller.cc:34
2025/06/30 16:31:953434 DEBUG timeout! - EPollPoller.cc:62
2025/06/30 16:31:953466 INFO  fd total count:1 - EPollPoller.cc:34
2025/06/30 16:31:953562 DEBUG timeout! - EPollPoller.cc:62
2025/06/30 16:31:953587 INFO  fd total count:1 - EPollPoller.cc:34
2025/06/30 16:31:959764 DEBUG timeout! - EPollPoller.cc:62
2025/06/30 16:31:959842 INFO  fd total count:2 - EPollPoller.cc:34
2025/06/30 16:31:960618 DEBUG timeout! - EPollPoller.cc:62
2025/06/30 16:31:960668 INFO  fd total count:1 - EPollPoller.cc:34
2025/06/30 16:32:963515 DEBUG timeout! - EPollPoller.cc:62
2025/06/30 16:32:963553 INFO  fd total count:1 - EPollPoller.cc:34
2025/06/30 16:32:963664 DEBUG timeout! - EPollPoller.cc:62
2025/06/30 16:32:963731 INFO  fd total count:1 - EPollPoller.cc:34
2025/06/30 16:32:969939 DEBUG timeout! - EPollPoller.cc:62
2025/06/30 16:32:969991 INFO  fd total count:2 - EPollPoller.cc:34
2025/06/30 16:32:970701 DEBUG timeout! - EPollPoller.cc:62
2025/06/30 16:32:970722 INFO  fd total count:1 - EPollPoller.cc:34
2025/06/30 16:32:973595 DEBUG timeout! - EPollPoller.cc:62
2025/06/30 16:32:973632 INFO  fd total count:1 - EPollPoller.cc:34
2025/06/30 16:32:973789 DEBUG timeout! - EPollPoller.cc:62
2025/06/30 16:32:973814 INFO  fd total count:1 - EPollPoller.cc:34
2025/06/30 16:32:980047 DEBUG timeout! - EPollPoller.cc:62
2025/06/30 16:32:980069 INFO  fd total count:2 - EPollPoller.cc:34
2025/06/30 16:32:980814 DEBUG timeout! - EPollPoller.cc:62
2025/06/30 16:32:980865 INFO  fd total count:1 - EPollPoller.cc:34
2025/06/30 16:32:983673 DEBUG timeout! - EPollPoller.cc:62
2025/06/30 16:32:983711 INFO  fd total count:1 - EPollPoller.cc:34
2025/06/30 16:32:983873 DEBUG timeout! - EPollPoller.cc:62
2025/06/30 16:32:983899 INFO  fd total count:1 - EPollPoller.cc:34
2025/06/30 16:32:990140 DEBUG timeout! - EPollPoller.cc:62
2025/06/30 16:32:990193 INFO  fd total count:2 - EPollPoller.cc:34
2025/06/30 16:32:990940 DEBUG timeout! - EPollPoller.cc:62
2025/06/30 16:32:990992 INFO  fd total count:1 - EPollPoller.cc:34
2025/06/30 16:32:993751 DEBUG timeout! - EPollPoller.cc:62
2025/06/30 16:32:993785 INFO  fd total count:1 - EPollPoller.cc:34
2025/06/30 16:32:993950 DEBUG timeout! - EPollPoller.cc:62
2025/06/30 16:32:993976 INFO  fd total count:1 - EPollPoller.cc:34
2025/06/30 16:32:000232 DEBUG timeout! - EPollPoller.cc:62
2025/06/30 16:32:000253 INFO  fd total count:2 - EPollPoller.cc:34
2025/06/30 16:32:001041 DEBUG timeout! - EPollPoller.cc:62
2025/06/30 16:32:001061 INFO  fd total count:1 - EPollPoller.cc:34
2025/06/30 16:32:003820 DEBUG timeout! - EPollPoller.cc:62
2025/06/30 16:32:003854 INFO  fd total count:1 - EPollPoller.cc:34
2025/06/30 16:32:004087 DEBUG timeout! - EPollPoller.cc:62
2025/06/30 16:32:004140 INFO  fd total count:1 - EPollPoller.cc:34
2025/06/30 16:32:010330 DEBUG timeout! - EPollPoller.cc:62
2025/06/30 16:32:010381 INFO  fd total count:2 - EPollPoller.cc:34
2025/06/30 16:32:011100 DEBUG timeout! - EPollPoller.cc:62
2025/06/30 16:32:011121 INFO  fd total count:1 - EPollPoller.cc:34
2025/06/30 16:32:013894 DEBUG timeout! - EPollPoller.cc:62
2025/06/30 16:32:013931 INFO  fd total count:1 - EPollPoller.cc:34
2025/06/30 16:32:014194 DEBUG timeout! - EPollPoller.cc:62
2025/06/30 16:32:014219 INFO  fd total count:1 - EPollPoller.cc:34
2025/06/30 16:32:020471 DEBUG timeout! - EPollPoller.cc:62
2025/06/30 16:32:020523 INFO  fd total count:2 - EPollPoller.cc:34
2025/06/30 16:32:021160 DEBUG timeout! - EPollPoller.cc:62
2025/06/30 16:32:021181 INFO  fd total count:1 - EPollPoller.cc:34
2025/06/30 16:33:023973 DEBUG timeout! - EPollPoller.cc:62
2025/06/30 16:33:024008 INFO  fd total count:1 - EPollPoller.cc:34
2025/06/30 16:33:024333 DEBUG timeout! - EPollPoller.cc:62
2025/06/30 16:33:024387 INFO  fd total count:1 - EPollPoller.cc:34
2025/06/30 16:33:030586 DEBUG timeout! - EPollPoller.cc:62
2025/06/30 16:33:030606 INFO  fd total count:2 - EPollPoller.cc:34
2025/06/30 16:33:031234 DEBUG timeout! - EPollPoller.cc:62
2025/06/30 16:33:031252 INFO  fd total count:1 - EPollPoller.cc:34
2025/06/30 16:33:034084 DEBUG timeout! - EPollPoller.cc:62
2025/06/30 16:33:034147 INFO  fd total count:1 - EPollPoller.cc:34
2025/06/30 16:33:034512 DEBUG timeout! - EPollPoller.cc:62
2025/06/30 16:33:034569 INFO  fd total count:1 - EPollPoller.cc:34
2025/06/30 16:33:040666 DEBUG timeout! - EPollPoller.cc:62
2025/06/30 16:33:040717 INFO  fd total count:2 - EPollPoller.cc:34
2025/06/30 16:33:041297 DEBUG timeout! - EPollPoller.cc:62
2025/06/30 16:33:041317 INFO  fd total count:1 - EPollPoller.cc:34
2025/06/30 16:33:044186 DEBUG timeout! - EPollPoller.cc:62
2025/06/30 16:33:044227 INFO  fd total count:1 - EPollPoller.cc:34
2025/06/30 16:33:044615 DEBUG timeout! - EPollPoller.cc:62
2025/06/30 16:33:044641 INFO  fd total count:1 - EPollPoller.cc:34
2025/06/30 16:33:050751 DEBUG timeout! - EPollPoller.cc:62
2025/06/30 16:33:050772 INFO  fd total count:2 - EPollPoller.cc:34
2025/06/30 16:33:051367 DEBUG timeout! - EPollPoller.cc:62
2025/06/30 16:33:051388 INFO  fd total count:1 - EPollPoller.cc:34
2025/06/30 16:33:054290 DEBUG timeout! - EPollPoller.cc:62
2025/06/30 16:33:054357 INFO  fd total count:1 - EPollPoller.cc:34
2025/06/30 16:33:054703 DEBUG timeout! - EPollPoller.cc:62
2025/06/30 16:33:054736 INFO  fd total count:1 - EPollPoller.cc:34
2025/06/30 16:33:060883 DEBUG timeout! - EPollPoller.cc:62
2025/06/30 16:33:060936 INFO  fd total count:2 - EPollPoller.cc:34
2025/06/30 16:33:061419 DEBUG timeout! - EPollPoller.cc:62
2025/06/30 16:33:061441 INFO  fd total count:1 - EPollPoller.cc:34
2025/06/30 16:33:064424 DEBUG timeout! - EPollPoller.cc:62
2025/06/30 16:33:064485 INFO  fd total count:1 - EPollPoller.cc:34
2025/06/30 16:33:064765 DEBUG timeout! - EPollPoller.cc:62
2025/06/30 16:33:064793 INFO  fd total count:1 - EPollPoller.cc:34
2025/06/30 16:33:071006 DEBUG timeout! - EPollPoller.cc:62
2025/06/30 16:33:071058 INFO  fd total count:2 - EPollPoller.cc:34
2025/06/30 16:33:071491 DEBUG timeout! - EPollPoller.cc:62
2025/06/30 16:33:071512 INFO  fd total count:1 - EPollPoller.cc:34
2025/06/30 16:33:074527 DEBUG timeout! - EPollPoller.cc:62
2025/06/30 16:33:074563 INFO  fd total count:1 - EPollPoller.cc:34
2025/06/30 16:33:074848 DEBUG timeout! - EPollPoller.cc:62
2025/06/30 16:33:074874 INFO  fd total count:1 - EPollPoller.cc:34
2025/06/30 16:33:081172 DEBUG timeout! - EPollPoller.cc:62
2025/06/30 16:33:081224 INFO  fd total count:2 - EPollPoller.cc:34
2025/06/30 16:33:081563 DEBUG timeout! - EPollPoller.cc:62
2025/06/30 16:33:081611 INFO  fd total count:1 - EPollPoller.cc:34
2025/06/30 16:34:084603 DEBUG timeout! - EPollPoller.cc:62
2025/06/30 16:34:084641 INFO  fd total count:1 - EPollPoller.cc:34
2025/06/30 16:34:084936 DEBUG timeout! - EPollPoller.cc:62
2025/06/30 16:34:084961 INFO  fd total count:1 - EPollPoller.cc:34
2025/06/30 16:34:091291 DEBUG timeout! - EPollPoller.cc:62
2025/06/30 16:34:091315 INFO  fd total count:2 - EPollPoller.cc:34
2025/06/30 16:34:091713 DEBUG timeout! - EPollPoller.cc:62
2025/06/30 16:34:091763 INFO  fd total count:1 - EPollPoller.cc:34
2025/06/30 16:34:094677 DEBUG timeout! - EPollPoller.cc:62
2025/06/30 16:34:094710 INFO  fd total count:1 - EPollPoller.cc:34
2025/06/30 16:34:095033 DEBUG timeout! - EPollPoller.cc:62
2025/06/30 16:34:095058 INFO  fd total count:1 - EPollPoller.cc:34
2025/06/30 16:34:101368 DEBUG timeout! - EPollPoller.cc:62
2025/06/30 16:34:101389 INFO  fd total count:2 - EPollPoller.cc:34
2025/06/30 16:34:101878 DEBUG timeout! - EPollPoller.cc:62
2025/06/30 16:34:101929 INFO  fd total count:1 - EPollPoller.cc:34
2025/06/30 16:34:104768 DEBUG timeout! - EPollPoller.cc:62
2025/06/30 16:34:104803 INFO  fd total count:1 - EPollPoller.cc:34
2025/06/30 16:34:105155 DEBUG timeout! - EPollPoller.cc:62
2025/06/30 16:34:105179 INFO  fd total count:1 - EPollPoller.cc:34
2025/06/30 16:34:111459 DEBUG timeout! - EPollPoller.cc:62
2025/06/30 16:34:111482 INFO  fd total count:2 - EPollPoller.cc:34
2025/06/30 16:34:111986 DEBUG timeout! - EPollPoller.cc:62
2025/06/30 16:34:112031 INFO  fd total count:1 - EPollPoller.cc:34
2025/06/30 16:34:114833 DEBUG timeout! - EPollPoller.cc:62
2025/06/30 16:34:114866 INFO  fd total count:1 - EPollPoller.cc:34
2025/06/30 16:34:115256 DEBUG timeout! - EPollPoller.cc:62
2025/06/30 16:34:115305 INFO  fd total count:1 - EPollPoller.cc:34
2025/06/30 16:34:117352 DEBUG timeout! - EPollPoller.cc:62
2025/06/30 16:34:117367 INFO  fd total count:2 - EPollPoller.cc:34
2025/06/30 16:34:122149 DEBUG timeout! - EPollPoller.cc:62
2025/06/30 16:34:122200 INFO  fd total count:1 - EPollPoller.cc:34
2025/06/30 16:34:124947 DEBUG timeout! - EPollPoller.cc:62
2025/06/30 16:34:125010 INFO  fd total count:1 - EPollPoller.cc:34
2025/06/30 16:34:125410 DEBUG timeout! - EPollPoller.cc:62
2025/06/30 16:34:125448 INFO  fd total count:2 - EPollPoller.cc:34
2025/06/30 16:34:125426 DEBUG timeout! - EPollPoller.cc:62
2025/06/30 16:34:125509 INFO  fd total count:1 - EPollPoller.cc:34
2025/06/30 16:34:132307 DEBUG timeout! - EPollPoller.cc:62
2025/06/30 16:34:132359 INFO  fd total count:1 - EPollPoller.cc:34
2025/06/30 16:34:135107 DEBUG timeout! - EPollPoller.cc:62
2025/06/30 16:34:135175 INFO  fd total count:1 - EPollPoller.cc:34
2025/06/30 16:34:135548 DEBUG timeout! - EPollPoller.cc:62
2025/06/30 16:34:135604 DEBUG timeout! - EPollPoller.cc:62
2025/06/30 16:34:135627 INFO  fd total count:1 - EPollPoller.cc:34
2025/06/30 16:34:135610 INFO  fd total count:2 - EPollPoller.cc:34
2025/06/30 16:34:142409 DEBUG timeout! - EPollPoller.cc:62
2025/06/30 16:34:142430 INFO  fd total count:1 - EPollPoller.cc:34
2025/06/30 16:35:145273 DEBUG timeout! - EPollPoller.cc:62
2025/06/30 16:35:145334 INFO  fd total count:1 - EPollPoller.cc:34
2025/06/30 16:35:145692 DEBUG timeout! - EPollPoller.cc:62
2025/06/30 16:35:145728 INFO  fd total count:2 - EPollPoller.cc:34
2025/06/30 16:35:145771 DEBUG timeout! - EPollPoller.cc:62
2025/06/30 16:35:145819 INFO  fd total count:1 - EPollPoller.cc:34
2025/06/30 16:35:152485 DEBUG timeout! - EPollPoller.cc:62
2025/06/30 16:35:152506 INFO  fd total count:1 - EPollPoller.cc:34
2025/06/30 16:35:155380 DEBUG timeout! - EPollPoller.cc:62
2025/06/30 16:35:155413 INFO  fd total count:1 - EPollPoller.cc:34
2025/06/30 16:35:155811 DEBUG timeout! - EPollPoller.cc:62
2025/06/30 16:35:155868 INFO  fd total count:2 - EPollPoller.cc:34
2025/06/30 16:35:155898 DEBUG timeout! - EPollPoller.cc:62
2025/06/30 16:35:155944 INFO  fd total count:1 - EPollPoller.cc:34
2025/06/30 16:35:162582 DEBUG timeout! - EPollPoller.cc:62
2025/06/30 16:35:162602 INFO  fd total count:1 - EPollPoller.cc:34
2025/06/30 16:35:165465 DEBUG timeout! - EPollPoller.cc:62
2025/06/30 16:35:165526 INFO  fd total count:1 - EPollPoller.cc:34
2025/06/30 16:35:165920 DEBUG timeout! - EPollPoller.cc:62
2025/06/30 16:35:165955 INFO  fd total count:2 - EPollPoller.cc:34
2025/06/30 16:35:166066 DEBUG timeout! - EPollPoller.cc:62
2025/06/30 16:35:166117 INFO  fd total count:1 - EPollPoller.cc:34
2025/06/30 16:35:172657 DEBUG timeout! - EPollPoller.cc:62
2025/06/30 16:35:172681 INFO  fd total count:1 - EPollPoller.cc:34
2025/06/30 16:35:175567 DEBUG timeout! - EPollPoller.cc:62
2025/06/30 16:35:175600 INFO  fd total count:1 - EPollPoller.cc:34
2025/06/30 16:35:176040 DEBUG timeout! - EPollPoller.cc:62
2025/06/30 16:35:176094 INFO  fd total count:2 - EPollPoller.cc:34
2025/06/30 16:35:176199 DEBUG timeout! - EPollPoller.cc:62
2025/06/30 16:35:176218 INFO  fd total count:1 - EPollPoller.cc:34
2025/06/30 16:35:182728 DEBUG timeout! - EPollPoller.cc:62
2025/06/30 16:35:182748 INFO  fd total count:1 - EPollPoller.cc:34
2025/06/30 16:35:185640 DEBUG timeout! - EPollPoller.cc:62
2025/06/30 16:35:185674 INFO  fd total count:1 - EPollPoller.cc:34
2025/06/30 16:35:186154 DEBUG timeout! - EPollPoller.cc:62
2025/06/30 16:35:186207 INFO  fd total count:2 - EPollPoller.cc:34
2025/06/30 16:35:186279 DEBUG timeout! - EPollPoller.cc:62
2025/06/30 16:35:186322 INFO  fd total count:1 - EPollPoller.cc:34
2025/06/30 16:35:192833 DEBUG timeout! - EPollPoller.cc:62
2025/06/30 16:35:192889 INFO  fd total count:1 - EPollPoller.cc:34
2025/06/30 16:35:195758 DEBUG timeout! - EPollPoller.cc:62
2025/06/30 16:35:195809 INFO  fd total count:1 - EPollPoller.cc:34
2025/06/30 16:35:196253 DEBUG timeout! - EPollPoller.cc:62
2025/06/30 16:35:196279 INFO  fd total count:2 - EPollPoller.cc:34
2025/06/30 16:35:196385 DEBUG timeout! - EPollPoller.cc:62
2025/06/30 16:35:196432 INFO  fd total count:1 - EPollPoller.cc:34
2025/06/30 16:35:202958 DEBUG timeout! - EPollPoller.cc:62
2025/06/30 16:35:202978 INFO  fd total count:1 - EPollPoller.cc:34
2025/06/30 16:36:205883 DEBUG timeout! - EPollPoller.cc:62
2025/06/30 16:36:205917 INFO  fd total count:1 - EPollPoller.cc:34
2025/06/30 16:36:206341 DEBUG timeout! - EPollPoller.cc:62
2025/06/30 16:36:206370 INFO  fd total count:2 - EPollPoller.cc:34
2025/06/30 16:36:206478 DEBUG timeout! - EPollPoller.cc:62
2025/06/30 16:36:206499 INFO  fd total count:1 - EPollPoller.cc:34
2025/06/30 16:36:213030 DEBUG timeout! - EPollPoller.cc:62
2025/06/30 16:36:213050 INFO  fd total count:1 - EPollPoller.cc:34
2025/06/30 16:36:215970 DEBUG timeout! - EPollPoller.cc:62
2025/06/30 16:36:216034 INFO  fd total count:1 - EPollPoller.cc:34
2025/06/30 16:36:216404 DEBUG timeout! - EPollPoller.cc:62
2025/06/30 16:36:216436 INFO  fd total count:2 - EPollPoller.cc:34
2025/06/30 16:36:216551 DEBUG timeout! - EPollPoller.cc:62
2025/06/30 16:36:216597 INFO  fd total count:1 - EPollPoller.cc:34
2025/06/30 16:36:223109 DEBUG timeout! - EPollPoller.cc:62
2025/06/30 16:36:223155 INFO  fd total count:1 - EPollPoller.cc:34
2025/06/30 16:36:226084 DEBUG timeout! - EPollPoller.cc:62
2025/06/30 16:36:226117 INFO  fd total count:1 - EPollPoller.cc:34
2025/06/30 16:36:226486 DEBUG timeout! - EPollPoller.cc:62
2025/06/30 16:36:226540 INFO  fd total count:2 - EPollPoller.cc:34
2025/06/30 16:36:226667 DEBUG timeout! - EPollPoller.cc:62
2025/06/30 16:36:226714 INFO  fd total count:1 - EPollPoller.cc:34
2025/06/30 16:36:233220 DEBUG timeout! - EPollPoller.cc:62
2025/06/30 16:36:233240 INFO  fd total count:1 - EPollPoller.cc:34
2025/06/30 16:36:231908 DEBUG timeout! - EPollPoller.cc:62
2025/06/30 16:36:231966 INFO  fd total count:1 - EPollPoller.cc:34
2025/06/30 16:36:236151 DEBUG timeout! - EPollPoller.cc:62
2025/06/30 16:36:236182 INFO  fd total count:1 - EPollPoller.cc:34
2025/06/30 16:36:236590 DEBUG timeout! - EPollPoller.cc:62
2025/06/30 16:36:236610 INFO  fd total count:2 - EPollPoller.cc:34
2025/06/30 16:36:243348 DEBUG timeout! - EPollPoller.cc:62
2025/06/30 16:36:243399 INFO  fd total count:1 - EPollPoller.cc:34
2025/06/30 16:36:242007 DEBUG timeout! - EPollPoller.cc:62
2025/06/30 16:36:242037 INFO  fd total count:1 - EPollPoller.cc:34
2025/06/30 16:36:246210 DEBUG timeout! - EPollPoller.cc:62
2025/06/30 16:36:246233 INFO  fd total count:1 - EPollPoller.cc:34
2025/06/30 16:36:246663 DEBUG timeout! - EPollPoller.cc:62
2025/06/30 16:36:246713 INFO  fd total count:2 - EPollPoller.cc:34
2025/06/30 16:36:253470 DEBUG timeout! - EPollPoller.cc:62
2025/06/30 16:36:253490 INFO  fd total count:1 - EPollPoller.cc:34
2025/06/30 16:36:252122 DEBUG timeout! - EPollPoller.cc:62
2025/06/30 16:36:252184 INFO  fd total count:1 - EPollPoller.cc:34
2025/06/30 16:36:256270 DEBUG timeout! - EPollPoller.cc:62
2025/06/30 16:36:256296 INFO  fd total count:1 - EPollPoller.cc:34
2025/06/30 16:36:256772 DEBUG timeout! - EPollPoller.cc:62
2025/06/30 16:36:256821 INFO  fd total count:2 - EPollPoller.cc:34
2025/06/30 16:36:263586 DEBUG timeout! - EPollPoller.cc:62
2025/06/30 16:36:263636 INFO  fd total count:1 - EPollPoller.cc:34
2025/06/30 16:37:262226 DEBUG timeout! - EPollPoller.cc:62
2025/06/30 16:37:262260 INFO  fd total count:1 - EPollPoller.cc:34
2025/06/30 16:37:266359 DEBUG timeout! - EPollPoller.cc:62
2025/06/30 16:37:266410 INFO  fd total count:1 - EPollPoller.cc:34
2025/06/30 16:37:266884 DEBUG timeout! - EPollPoller.cc:62
2025/06/30 16:37:266939 INFO  fd total count:2 - EPollPoller.cc:34
2025/06/30 16:37:273678 DEBUG timeout! - EPollPoller.cc:62
2025/06/30 16:37:273698 INFO  fd total count:1 - EPollPoller.cc:34
2025/06/30 16:37:267903 DEBUG timeout! - EPollPoller.cc:62
2025/06/30 16:37:267961 INFO  fd total count:2 - EPollPoller.cc:34
2025/06/30 16:37:271837 DEBUG timeout! - EPollPoller.cc:62
2025/06/30 16:37:271892 INFO  fd total count:1 - EPollPoller.cc:34
2025/06/30 16:37:276502 DEBUG timeout! - EPollPoller.cc:62
2025/06/30 16:37:276524 INFO  fd total count:1 - EPollPoller.cc:34
2025/06/30 16:37:283736 DEBUG timeout! - EPollPoller.cc:62
2025/06/30 16:37:283756 INFO  fd total count:1 - EPollPoller.cc:34
2025/06/30 16:37:277997 DEBUG timeout! - EPollPoller.cc:62
2025/06/30 16:37:278028 INFO  fd total count:2 - EPollPoller.cc:34
2025/06/30 16:37:281941 DEBUG timeout! - EPollPoller.cc:62
2025/06/30 16:37:281964 INFO  fd total count:1 - EPollPoller.cc:34
2025/06/30 16:37:286648 DEBUG timeout! - EPollPoller.cc:62
2025/06/30 16:37:286698 INFO  fd total count:1 - EPollPoller.cc:34
2025/06/30 16:37:293809 DEBUG timeout! - EPollPoller.cc:62
2025/06/30 16:37:293859 INFO  fd total count:1 - EPollPoller.cc:34
2025/06/30 16:37:288083 DEBUG timeout! - EPollPoller.cc:62
2025/06/30 16:37:288111 INFO  fd total count:2 - EPollPoller.cc:34
2025/06/30 16:37:292083 DEBUG timeout! - EPollPoller.cc:62
2025/06/30 16:37:292136 INFO  fd total count:1 - EPollPoller.cc:34
2025/06/30 16:37:296790 DEBUG timeout! - EPollPoller.cc:62
2025/06/30 16:37:296809 INFO  fd total count:1 - EPollPoller.cc:34
2025/06/30 16:37:303899 DEBUG timeout! - EPollPoller.cc:62
2025/06/30 16:37:303918 INFO  fd total count:1 - EPollPoller.cc:34
2025/06/30 16:37:298172 DEBUG timeout! - EPollPoller.cc:62
2025/06/30 16:37:298205 INFO  fd total count:2 - EPollPoller.cc:34
2025/06/30 16:37:302253 DEBUG timeout! - EPollPoller.cc:62
2025/06/30 16:37:302305 INFO  fd total count:1 - EPollPoller.cc:34
2025/06/30 16:37:306880 DEBUG timeout! - EPollPoller.cc:62
2025/06/30 16:37:306901 INFO  fd total count:1 - EPollPoller.cc:34
2025/06/30 16:37:313975 DEBUG timeout! - EPollPoller.cc:62
2025/06/30 16:37:313997 INFO  fd total count:1 - EPollPoller.cc:34
2025/06/30 16:37:308262 DEBUG timeout! - EPollPoller.cc:62
2025/06/30 16:37:308319 INFO  fd total count:2 - EPollPoller.cc:34
2025/06/30 16:37:312422 DEBUG timeout! - EPollPoller.cc:62
2025/06/30 16:37:312456 INFO  fd total count:1 - EPollPoller.cc:34
2025/06/30 16:37:316990 DEBUG timeout! - EPollPoller.cc:62
2025/06/30 16:37:317009 INFO  fd total count:1 - EPollPoller.cc:34
2025/06/30 16:37:324080 DEBUG timeout! - EPollPoller.cc:62
2025/06/30 16:37:324101 INFO  fd total count:1 - EPollPoller.cc:34
2025/06/30 16:38:318378 DEBUG timeout! - EPollPoller.cc:62
2025/06/30 16:38:318411 INFO  fd total count:2 - EPollPoller.cc:34
2025/06/30 16:38:322550 DEBUG timeout! - EPollPoller.cc:62
2025/06/30 16:38:322572 INFO  fd total count:1 - EPollPoller.cc:34
2025/06/30 16:38:327037 DEBUG timeout! - EPollPoller.cc:62
2025/06/30 16:38:327055 INFO  fd total count:1 - EPollPoller.cc:34
2025/06/30 16:38:334176 DEBUG timeout! - EPollPoller.cc:62
2025/06/30 16:38:334194 INFO  fd total count:1 - EPollPoller.cc:34
2025/06/30 16:38:328467 DEBUG timeout! - EPollPoller.cc:62
2025/06/30 16:38:328502 INFO  fd total count:2 - EPollPoller.cc:34
2025/06/30 16:38:332696 DEBUG timeout! - EPollPoller.cc:62
2025/06/30 16:38:332751 INFO  fd total count:1 - EPollPoller.cc:34
2025/06/30 16:38:337105 DEBUG timeout! - EPollPoller.cc:62
2025/06/30 16:38:337155 INFO  fd total count:1 - EPollPoller.cc:34
2025/06/30 16:38:344279 DEBUG timeout! - EPollPoller.cc:62
2025/06/30 16:38:344332 INFO  fd total count:1 - EPollPoller.cc:34
2025/06/30 16:38:338627 DEBUG timeout! - EPollPoller.cc:62
2025/06/30 16:38:338687 INFO  fd total count:2 - EPollPoller.cc:34
2025/06/30 16:38:342826 DEBUG timeout! - EPollPoller.cc:62
2025/06/30 16:38:342856 INFO  fd total count:1 - EPollPoller.cc:34
2025/06/30 16:38:347201 DEBUG timeout! - EPollPoller.cc:62
2025/06/30 16:38:347222 INFO  fd total count:1 - EPollPoller.cc:34
2025/06/30 16:38:354420 DEBUG timeout! - EPollPoller.cc:62
2025/06/30 16:38:354441 INFO  fd total count:1 - EPollPoller.cc:34
2025/06/30 16:38:348798 DEBUG timeout! - EPollPoller.cc:62
2025/06/30 16:38:348860 INFO  fd total count:2 - EPollPoller.cc:34
2025/06/30 16:38:352914 DEBUG timeout! - EPollPoller.cc:62
2025/06/30 16:38:352943 INFO  fd total count:1 - EPollPoller.cc:34
2025/06/30 16:38:357250 DEBUG timeout! - EPollPoller.cc:62
2025/06/30 16:38:357268 INFO  fd total count:1 - EPollPoller.cc:34
2025/06/30 16:38:364562 DEBUG timeout! - EPollPoller.cc:62
2025/06/30 16:38:364613 INFO  fd total count:1 - EPollPoller.cc:34
2025/06/30 16:38:358905 DEBUG timeout! - EPollPoller.cc:62
2025/06/30 16:38:358937 INFO  fd total count:2 - EPollPoller.cc:34
2025/06/30 16:38:363030 DEBUG timeout! - EPollPoller.cc:62
2025/06/30 16:38:363054 INFO  fd total count:1 - EPollPoller.cc:34
2025/06/30 16:38:367343 DEBUG timeout! - EPollPoller.cc:62
2025/06/30 16:38:367391 INFO  fd total count:1 - EPollPoller.cc:34
2025/06/30 16:38:374657 DEBUG timeout! - EPollPoller.cc:62
2025/06/30 16:38:374677 INFO  fd total count:1 - EPollPoller.cc:34
2025/06/30 16:38:369020 DEBUG timeout! - EPollPoller.cc:62
2025/06/30 16:38:369076 INFO  fd total count:2 - EPollPoller.cc:34
2025/06/30 16:38:373168 DEBUG timeout! - EPollPoller.cc:62
2025/06/30 16:38:373196 INFO  fd total count:1 - EPollPoller.cc:34
2025/06/30 16:38:377428 DEBUG timeout! - EPollPoller.cc:62
2025/06/30 16:38:377447 INFO  fd total count:1 - EPollPoller.cc:34
2025/06/30 16:38:384765 DEBUG timeout! - EPollPoller.cc:62
2025/06/30 16:38:384785 INFO  fd total count:1 - EPollPoller.cc:34
2025/06/30 16:39:379124 DEBUG timeout! - EPollPoller.cc:62
2025/06/30 16:39:379154 INFO  fd total count:2 - EPollPoller.cc:34
2025/06/30 16:39:383271 DEBUG timeout! - EPollPoller.cc:62
2025/06/30 16:39:383297 INFO  fd total count:1 - EPollPoller.cc:34
2025/06/30 16:39:387486 DEBUG timeout! - EPollPoller.cc:62
2025/06/30 16:39:387505 INFO  fd total count:1 - EPollPoller.cc:34
2025/06/30 16:39:394930 DEBUG timeout! - EPollPoller.cc:62
2025/06/30 16:39:394978 INFO  fd total count:1 - EPollPoller.cc:34
2025/06/30 16:39:389203 DEBUG timeout! - EPollPoller.cc:62
2025/06/30 16:39:389237 INFO  fd total count:2 - EPollPoller.cc:34
2025/06/30 16:39:393369 DEBUG timeout! - EPollPoller.cc:62
2025/06/30 16:39:393418 INFO  fd total count:1 - EPollPoller.cc:34
2025/06/30 16:39:397570 DEBUG timeout! - EPollPoller.cc:62
2025/06/30 16:39:397616 INFO  fd total count:1 - EPollPoller.cc:34
2025/06/30 16:39:405100 DEBUG timeout! - EPollPoller.cc:62
2025/06/30 16:39:405145 INFO  fd total count:1 - EPollPoller.cc:34
2025/06/30 16:39:399319 DEBUG timeout! - EPollPoller.cc:62
2025/06/30 16:39:399384 INFO  fd total count:2 - EPollPoller.cc:34
2025/06/30 16:39:403557 DEBUG timeout! - EPollPoller.cc:62
2025/06/30 16:39:403619 INFO  fd total count:1 - EPollPoller.cc:34
2025/06/30 16:39:407674 DEBUG timeout! - EPollPoller.cc:62
2025/06/30 16:39:407727 INFO  fd total count:1 - EPollPoller.cc:34
2025/06/30 16:39:415530 DEBUG timeout! - EPollPoller.cc:62
2025/06/30 16:39:415580 INFO  fd total count:1 - EPollPoller.cc:34
2025/06/30 16:39:409435 DEBUG timeout! - EPollPoller.cc:62
2025/06/30 16:39:409466 INFO  fd total count:2 - EPollPoller.cc:34
2025/06/30 16:39:413698 DEBUG timeout! - EPollPoller.cc:62
2025/06/30 16:39:413720 INFO  fd total count:1 - EPollPoller.cc:34
2025/06/30 16:39:417785 DEBUG timeout! - EPollPoller.cc:62
2025/06/30 16:39:417835 INFO  fd total count:1 - EPollPoller.cc:34
2025/06/30 16:39:425679 DEBUG timeout! - EPollPoller.cc:62
2025/06/30 16:39:425700 INFO  fd total count:1 - EPollPoller.cc:34
2025/06/30 16:39:419527 DEBUG timeout! - EPollPoller.cc:62
2025/06/30 16:39:419559 INFO  fd total count:2 - EPollPoller.cc:34
2025/06/30 16:39:423770 DEBUG timeout! - EPollPoller.cc:62
2025/06/30 16:39:423809 INFO  fd total count:1 - EPollPoller.cc:34
2025/06/30 16:39:427883 DEBUG timeout! - EPollPoller.cc:62
2025/06/30 16:39:427904 INFO  fd total count:1 - EPollPoller.cc:34
2025/06/30 16:39:435835 DEBUG timeout! - EPollPoller.cc:62
2025/06/30 16:39:435886 INFO  fd total count:1 - EPollPoller.cc:34
2025/06/30 16:39:429618 DEBUG timeout! - EPollPoller.cc:62
2025/06/30 16:39:429678 INFO  fd total count:2 - EPollPoller.cc:34
2025/06/30 16:39:433869 DEBUG timeout! - EPollPoller.cc:62
2025/06/30 16:39:433903 INFO  fd total count:1 - EPollPoller.cc:34
2025/06/30 16:39:437962 DEBUG timeout! - EPollPoller.cc:62
2025/06/30 16:39:438016 INFO  fd total count:1 - EPollPoller.cc:34
2025/06/30 16:39:445974 DEBUG timeout! - EPollPoller.cc:62
2025/06/30 16:39:445995 INFO  fd total count:1 - EPollPoller.cc:34
2025/06/30 16:40:439739 DEBUG timeout! - EPollPoller.cc:62
2025/06/30 16:40:439772 INFO  fd total count:2 - EPollPoller.cc:34
2025/06/30 16:40:444001 DEBUG timeout! - EPollPoller.cc:62
2025/06/30 16:40:444050 INFO  fd total count:1 - EPollPoller.cc:34
2025/06/30 16:40:448059 DEBUG timeout! - EPollPoller.cc:62
2025/06/30 16:40:448078 INFO  fd total count:1 - EPollPoller.cc:34
2025/06/30 16:40:456039 DEBUG timeout! - EPollPoller.cc:62
2025/06/30 16:40:456061 INFO  fd total count:1 - EPollPoller.cc:34
2025/06/30 16:40:449851 DEBUG timeout! - EPollPoller.cc:62
2025/06/30 16:40:449910 INFO  fd total count:2 - EPollPoller.cc:34
2025/06/30 16:40:454096 DEBUG timeout! - EPollPoller.cc:62
2025/06/30 16:40:454128 INFO  fd total count:1 - EPollPoller.cc:34
2025/06/30 16:40:458111 DEBUG timeout! - EPollPoller.cc:62
2025/06/30 16:40:458131 INFO  fd total count:1 - EPollPoller.cc:34
2025/06/30 16:40:466200 DEBUG timeout! - EPollPoller.cc:62
2025/06/30 16:40:466251 INFO  fd total count:1 - EPollPoller.cc:34
2025/06/30 16:40:451846 DEBUG timeout! - EPollPoller.cc:62
2025/06/30 16:40:451884 INFO  fd total count:2 - EPollPoller.cc:34
2025/06/30 16:40:464197 DEBUG timeout! - EPollPoller.cc:62
2025/06/30 16:40:464246 INFO  fd total count:1 - EPollPoller.cc:34
2025/06/30 16:40:468188 DEBUG timeout! - EPollPoller.cc:62
2025/06/30 16:40:468245 INFO  fd total count:1 - EPollPoller.cc:34
2025/06/30 16:40:476325 DEBUG timeout! - EPollPoller.cc:62
2025/06/30 16:40:476346 INFO  fd total count:1 - EPollPoller.cc:34
2025/06/30 16:40:459844 DEBUG timeout! - EPollPoller.cc:62
2025/06/30 16:40:459881 INFO  fd total count:2 - EPollPoller.cc:34
2025/06/30 16:40:474313 DEBUG timeout! - EPollPoller.cc:62
2025/06/30 16:40:474365 INFO  fd total count:1 - EPollPoller.cc:34
2025/06/30 16:40:478294 DEBUG timeout! - EPollPoller.cc:62
2025/06/30 16:40:478317 INFO  fd total count:1 - EPollPoller.cc:34
2025/06/30 16:40:486479 DEBUG timeout! - EPollPoller.cc:62
2025/06/30 16:40:486527 INFO  fd total count:1 - EPollPoller.cc:34
2025/06/30 16:40:469983 DEBUG timeout! - EPollPoller.cc:62
2025/06/30 16:40:470051 INFO  fd total count:2 - EPollPoller.cc:34
2025/06/30 16:40:484444 DEBUG timeout! - EPollPoller.cc:62
2025/06/30 16:40:484476 INFO  fd total count:1 - EPollPoller.cc:34
2025/06/30 16:40:488420 DEBUG timeout! - EPollPoller.cc:62
2025/06/30 16:40:488471 INFO  fd total count:1 - EPollPoller.cc:34
2025/06/30 16:40:496672 DEBUG timeout! - EPollPoller.cc:62
2025/06/30 16:40:496722 INFO  fd total count:1 - EPollPoller.cc:34
2025/06/30 16:40:475838 DEBUG timeout! - EPollPoller.cc:62
2025/06/30 16:40:475870 INFO  fd total count:2 - EPollPoller.cc:34
2025/06/30 16:40:494543 DEBUG timeout! - EPollPoller.cc:62
2025/06/30 16:40:494568 INFO  fd total count:1 - EPollPoller.cc:34
2025/06/30 16:40:498512 DEBUG timeout! - EPollPoller.cc:62
2025/06/30 16:40:498533 INFO  fd total count:1 - EPollPoller.cc:34
2025/06/30 16:40:506833 DEBUG timeout! - EPollPoller.cc:62
2025/06/30 16:40:506884 INFO  fd total count:1 - EPollPoller.cc:34
2025/06/30 16:41:479830 DEBUG timeout! - EPollPoller.cc:62
2025/06/30 16:41:479859 INFO  fd total count:2 - EPollPoller.cc:34
2025/06/30 16:41:504639 DEBUG timeout! - EPollPoller.cc:62
2025/06/30 16:41:504663 INFO  fd total count:1 - EPollPoller.cc:34
2025/06/30 16:41:508581 DEBUG timeout! - EPollPoller.cc:62
2025/06/30 16:41:508632 INFO  fd total count:1 - EPollPoller.cc:34
2025/06/30 16:41:517008 DEBUG timeout! - EPollPoller.cc:62
2025/06/30 16:41:517057 INFO  fd total count:1 - EPollPoller.cc:34
2025/06/30 16:41:483850 DEBUG timeout! - EPollPoller.cc:62
2025/06/30 16:41:483910 INFO  fd total count:2 - EPollPoller.cc:34
2025/06/30 16:41:514768 DEBUG timeout! - EPollPoller.cc:62
2025/06/30 16:41:514824 INFO  fd total count:1 - EPollPoller.cc:34
2025/06/30 16:41:518752 DEBUG timeout! - EPollPoller.cc:62
2025/06/30 16:41:518773 INFO  fd total count:1 - EPollPoller.cc:34
2025/06/30 16:41:527125 DEBUG timeout! - EPollPoller.cc:62
2025/06/30 16:41:527146 INFO  fd total count:1 - EPollPoller.cc:34
2025/06/30 16:41:487843 DEBUG timeout! - EPollPoller.cc:62
2025/06/30 16:41:487898 INFO  fd total count:2 - EPollPoller.cc:34
2025/06/30 16:41:524894 DEBUG timeout! - EPollPoller.cc:62
2025/06/30 16:41:524921 INFO  fd total count:1 - EPollPoller.cc:34
2025/06/30 16:41:528821 DEBUG timeout! - EPollPoller.cc:62
2025/06/30 16:41:528867 INFO  fd total count:1 - EPollPoller.cc:34
2025/06/30 16:41:537256 DEBUG timeout! - EPollPoller.cc:62
2025/06/30 16:41:537303 INFO  fd total count:1 - EPollPoller.cc:34
2025/06/30 16:41:491896 DEBUG timeout! - EPollPoller.cc:62
2025/06/30 16:41:491950 INFO  fd total count:2 - EPollPoller.cc:34
2025/06/30 16:41:535050 DEBUG timeout! - EPollPoller.cc:62
2025/06/30 16:41:535105 INFO  fd total count:1 - EPollPoller.cc:34
2025/06/30 16:41:538944 DEBUG timeout! - EPollPoller.cc:62
2025/06/30 16:41:538990 INFO  fd total count:1 - EPollPoller.cc:34
2025/06/30 16:41:547402 DEBUG timeout! - EPollPoller.cc:62
2025/06/30 16:41:547424 INFO  fd total count:1 - EPollPoller.cc:34
2025/06/30 16:41:502066 DEBUG timeout! - EPollPoller.cc:62
2025/06/30 16:41:502131 INFO  fd total count:2 - EPollPoller.cc:34
2025/06/30 16:41:545229 DEBUG timeout! - EPollPoller.cc:62
2025/06/30 16:41:545282 INFO  fd total count:1 - EPollPoller.cc:34
2025/06/30 16:41:549069 DEBUG timeout! - EPollPoller.cc:62
2025/06/30 16:41:549122 INFO  fd total count:1 - EPollPoller.cc:34
2025/06/30 16:41:557496 DEBUG timeout! - EPollPoller.cc:62
2025/06/30 16:41:557517 INFO  fd total count:1 - EPollPoller.cc:34
2025/06/30 16:41:512202 DEBUG timeout! - EPollPoller.cc:62
2025/06/30 16:41:512237 INFO  fd total count:2 - EPollPoller.cc:34
2025/06/30 16:41:555368 DEBUG timeout! - EPollPoller.cc:62
2025/06/30 16:41:555396 INFO  fd total count:1 - EPollPoller.cc:34
2025/06/30 16:41:559186 DEBUG timeout! - EPollPoller.cc:62
2025/06/30 16:41:559239 INFO  fd total count:1 - EPollPoller.cc:34
2025/06/30 16:41:567667 DEBUG timeout! - EPollPoller.cc:62
2025/06/30 16:41:567719 INFO  fd total count:1 - EPollPoller.cc:34
2025/06/30 16:42:522330 DEBUG timeout! - EPollPoller.cc:62
2025/06/30 16:42:522363 INFO  fd total count:2 - EPollPoller.cc:34
2025/06/30 16:42:565539 DEBUG timeout! - EPollPoller.cc:62
2025/06/30 16:42:565597 INFO  fd total count:1 - EPollPoller.cc:34
2025/06/30 16:42:569275 DEBUG timeout! - EPollPoller.cc:62
2025/06/30 16:42:569297 INFO  fd total count:1 - EPollPoller.cc:34
2025/06/30 16:42:577851 DEBUG timeout! - EPollPoller.cc:62
2025/06/30 16:42:577901 INFO  fd total count:1 - EPollPoller.cc:34
2025/06/30 16:42:532409 DEBUG timeout! - EPollPoller.cc:62
2025/06/30 16:42:532448 INFO  fd total count:2 - EPollPoller.cc:34
2025/06/30 16:42:575649 DEBUG timeout! - EPollPoller.cc:62
2025/06/30 16:42:575678 INFO  fd total count:1 - EPollPoller.cc:34
2025/06/30 16:42:579331 DEBUG timeout! - EPollPoller.cc:62
2025/06/30 16:42:579353 INFO  fd total count:1 - EPollPoller.cc:34
2025/06/30 16:42:587955 DEBUG timeout! - EPollPoller.cc:62
2025/06/30 16:42:587978 INFO  fd total count:1 - EPollPoller.cc:34
2025/06/30 16:42:542572 DEBUG timeout! - EPollPoller.cc:62
2025/06/30 16:42:542633 INFO  fd total count:2 - EPollPoller.cc:34
2025/06/30 16:42:585734 DEBUG timeout! - EPollPoller.cc:62
2025/06/30 16:42:585763 INFO  fd total count:1 - EPollPoller.cc:34
2025/06/30 16:42:589388 DEBUG timeout! - EPollPoller.cc:62
2025/06/30 16:42:589408 INFO  fd total count:1 - EPollPoller.cc:34
2025/06/30 16:42:598116 DEBUG timeout! - EPollPoller.cc:62
2025/06/30 16:42:598165 INFO  fd total count:1 - EPollPoller.cc:34
2025/06/30 16:42:552698 DEBUG timeout! - EPollPoller.cc:62
2025/06/30 16:42:552731 INFO  fd total count:2 - EPollPoller.cc:34
2025/06/30 16:42:595889 DEBUG timeout! - EPollPoller.cc:62
2025/06/30 16:42:595944 INFO  fd total count:1 - EPollPoller.cc:34
2025/06/30 16:42:599438 DEBUG timeout! - EPollPoller.cc:62
2025/06/30 16:42:599470 INFO  fd total count:1 - EPollPoller.cc:34
2025/06/30 16:42:608202 DEBUG timeout! - EPollPoller.cc:62
2025/06/30 16:42:608224 INFO  fd total count:1 - EPollPoller.cc:34
2025/06/30 16:42:562789 DEBUG timeout! - EPollPoller.cc:62
2025/06/30 16:42:562824 INFO  fd total count:2 - EPollPoller.cc:34
2025/06/30 16:42:605981 DEBUG timeout! - EPollPoller.cc:62
2025/06/30 16:42:606006 INFO  fd total count:1 - EPollPoller.cc:34
2025/06/30 16:42:609552 DEBUG timeout! - EPollPoller.cc:62
2025/06/30 16:42:609602 INFO  fd total count:1 - EPollPoller.cc:34
2025/06/30 16:42:618278 DEBUG timeout! - EPollPoller.cc:62
2025/06/30 16:42:618298 INFO  fd total count:1 - EPollPoller.cc:34
2025/06/30 16:42:572930 DEBUG timeout! - EPollPoller.cc:62
2025/06/30 16:42:572990 INFO  fd total count:2 - EPollPoller.cc:34
2025/06/30 16:42:616142 DEBUG timeout! - EPollPoller.cc:62
2025/06/30 16:42:616202 INFO  fd total count:1 - EPollPoller.cc:34
2025/06/30 16:42:619681 DEBUG timeout! - EPollPoller.cc:62
2025/06/30 16:42:619732 INFO  fd total count:1 - EPollPoller.cc:34
2025/06/30 16:42:628373 DEBUG timeout! - EPollPoller.cc:62
2025/06/30 16:42:628395 INFO  fd total count:1 - EPollPoller.cc:34
2025/06/30 16:43:583075 DEBUG timeout! - EPollPoller.cc:62
2025/06/30 16:43:583144 INFO  fd total count:2 - EPollPoller.cc:34
2025/06/30 16:43:626262 DEBUG timeout! - EPollPoller.cc:62
2025/06/30 16:43:626291 INFO  fd total count:1 - EPollPoller.cc:34
2025/06/30 16:43:629844 DEBUG timeout! - EPollPoller.cc:62
2025/06/30 16:43:629899 INFO  fd total count:1 - EPollPoller.cc:34
2025/06/30 16:43:638450 DEBUG timeout! - EPollPoller.cc:62
2025/06/30 16:43:638472 INFO  fd total count:1 - EPollPoller.cc:34
2025/06/30 16:43:593216 DEBUG timeout! - EPollPoller.cc:62
2025/06/30 16:43:593250 INFO  fd total count:2 - EPollPoller.cc:34
2025/06/30 16:43:636332 DEBUG timeout! - EPollPoller.cc:62
2025/06/30 16:43:636357 INFO  fd total count:1 - EPollPoller.cc:34
2025/06/30 16:43:639940 DEBUG timeout! - EPollPoller.cc:62
2025/06/30 16:43:639962 INFO  fd total count:1 - EPollPoller.cc:34
2025/06/30 16:43:648572 DEBUG timeout! - EPollPoller.cc:62
2025/06/30 16:43:648621 INFO  fd total count:1 - EPollPoller.cc:34
2025/06/30 16:43:603311 DEBUG timeout! - EPollPoller.cc:62
2025/06/30 16:43:603345 INFO  fd total count:2 - EPollPoller.cc:34
2025/06/30 16:43:646393 DEBUG timeout! - EPollPoller.cc:62
2025/06/30 16:43:646427 INFO  fd total count:1 - EPollPoller.cc:34
2025/06/30 16:43:650032 DEBUG timeout! - EPollPoller.cc:62
2025/06/30 16:43:650084 INFO  fd total count:1 - EPollPoller.cc:34
2025/06/30 16:43:658701 DEBUG timeout! - EPollPoller.cc:62
2025/06/30 16:43:658722 INFO  fd total count:1 - EPollPoller.cc:34
2025/06/30 16:43:613411 DEBUG timeout! - EPollPoller.cc:62
2025/06/30 16:43:613454 INFO  fd total count:2 - EPollPoller.cc:34
2025/06/30 16:43:656487 DEBUG timeout! - EPollPoller.cc:62
2025/06/30 16:43:656516 INFO  fd total count:1 - EPollPoller.cc:34
2025/06/30 16:43:660143 DEBUG timeout! - EPollPoller.cc:62
2025/06/30 16:43:660167 INFO  fd total count:1 - EPollPoller.cc:34
2025/06/30 16:43:668791 DEBUG timeout! - EPollPoller.cc:62
2025/06/30 16:43:668813 INFO  fd total count:1 - EPollPoller.cc:34
2025/06/30 16:43:623551 DEBUG timeout! - EPollPoller.cc:62
2025/06/30 16:43:623617 INFO  fd total count:2 - EPollPoller.cc:34
2025/06/30 16:43:666648 DEBUG timeout! - EPollPoller.cc:62
2025/06/30 16:43:666706 INFO  fd total count:1 - EPollPoller.cc:34
2025/06/30 16:43:670198 DEBUG timeout! - EPollPoller.cc:62
2025/06/30 16:43:670221 INFO  fd total count:1 - EPollPoller.cc:34
2025/06/30 16:43:678870 DEBUG timeout! - EPollPoller.cc:62
2025/06/30 16:43:678891 INFO  fd total count:1 - EPollPoller.cc:34
2025/06/30 16:43:633712 DEBUG timeout! - EPollPoller.cc:62
2025/06/30 16:43:633778 INFO  fd total count:2 - EPollPoller.cc:34
2025/06/30 16:43:676803 DEBUG timeout! - EPollPoller.cc:62
2025/06/30 16:43:676852 INFO  fd total count:1 - EPollPoller.cc:34
2025/06/30 16:43:680267 DEBUG timeout! - EPollPoller.cc:62
2025/06/30 16:43:680293 INFO  fd total count:1 - EPollPoller.cc:34
2025/06/30 16:43:688974 DEBUG timeout! - EPollPoller.cc:62
2025/06/30 16:43:688995 INFO  fd total count:1 - EPollPoller.cc:34
2025/06/30 16:44:643898 DEBUG timeout! - EPollPoller.cc:62
2025/06/30 16:44:643964 INFO  fd total count:2 - EPollPoller.cc:34
2025/06/30 16:44:686918 DEBUG timeout! - EPollPoller.cc:62
2025/06/30 16:44:686948 INFO  fd total count:1 - EPollPoller.cc:34
2025/06/30 16:44:690347 DEBUG timeout! - EPollPoller.cc:62
2025/06/30 16:44:690366 INFO  fd total count:1 - EPollPoller.cc:34
2025/06/30 16:44:699048 DEBUG timeout! - EPollPoller.cc:62
2025/06/30 16:44:699069 INFO  fd total count:1 - EPollPoller.cc:34
2025/06/30 16:44:654034 DEBUG timeout! - EPollPoller.cc:62
2025/06/30 16:44:654098 INFO  fd total count:2 - EPollPoller.cc:34
2025/06/30 16:44:697082 DEBUG timeout! - EPollPoller.cc:62
2025/06/30 16:44:697143 INFO  fd total count:1 - EPollPoller.cc:34
2025/06/30 16:44:700405 DEBUG timeout! - EPollPoller.cc:62
2025/06/30 16:44:700424 INFO  fd total count:1 - EPollPoller.cc:34
2025/06/30 16:44:709207 DEBUG timeout! - EPollPoller.cc:62
2025/06/30 16:44:709258 INFO  fd total count:1 - EPollPoller.cc:34
2025/06/30 16:44:664141 DEBUG timeout! - EPollPoller.cc:62
2025/06/30 16:44:664174 INFO  fd total count:2 - EPollPoller.cc:34
2025/06/30 16:44:707224 DEBUG timeout! - EPollPoller.cc:62
2025/06/30 16:44:707257 INFO  fd total count:1 - EPollPoller.cc:34
2025/06/30 16:44:710501 DEBUG timeout! - EPollPoller.cc:62
2025/06/30 16:44:710550 INFO  fd total count:1 - EPollPoller.cc:34
2025/06/30 16:44:719313 DEBUG timeout! - EPollPoller.cc:62
2025/06/30 16:44:719336 INFO  fd total count:1 - EPollPoller.cc:34
2025/06/30 16:44:674266 DEBUG timeout! - EPollPoller.cc:62
2025/06/30 16:44:674329 INFO  fd total count:2 - EPollPoller.cc:34
2025/06/30 16:44:717324 DEBUG timeout! - EPollPoller.cc:62
2025/06/30 16:44:717378 INFO  fd total count:1 - EPollPoller.cc:34
2025/06/30 16:44:720630 DEBUG timeout! - EPollPoller.cc:62
2025/06/30 16:44:720686 INFO  fd total count:1 - EPollPoller.cc:34
2025/06/30 16:44:729412 DEBUG timeout! - EPollPoller.cc:62
2025/06/30 16:44:729459 INFO  fd total count:1 - EPollPoller.cc:34
2025/06/30 16:44:684375 DEBUG timeout! - EPollPoller.cc:62
2025/06/30 16:44:684413 INFO  fd total count:2 - EPollPoller.cc:34
2025/06/30 16:44:727488 DEBUG timeout! - EPollPoller.cc:62
2025/06/30 16:44:727546 INFO  fd total count:1 - EPollPoller.cc:34
2025/06/30 16:44:730748 DEBUG timeout! - EPollPoller.cc:62
2025/06/30 16:44:730774 INFO  fd total count:1 - EPollPoller.cc:34
2025/06/30 16:44:739589 DEBUG timeout! - EPollPoller.cc:62
2025/06/30 16:44:739638 INFO  fd total count:1 - EPollPoller.cc:34
2025/06/30 16:44:694460 DEBUG timeout! - EPollPoller.cc:62
2025/06/30 16:44:694494 INFO  fd total count:2 - EPollPoller.cc:34
2025/06/30 16:44:737578 DEBUG timeout! - EPollPoller.cc:62
2025/06/30 16:44:737600 INFO  fd total count:1 - EPollPoller.cc:34
2025/06/30 16:44:740817 DEBUG timeout! - EPollPoller.cc:62
2025/06/30 16:44:740840 INFO  fd total count:1 - EPollPoller.cc:34
2025/06/30 16:44:749795 DEBUG timeout! - EPollPoller.cc:62
2025/06/30 16:44:749845 INFO  fd total count:1 - EPollPoller.cc:34
2025/06/30 16:45:704549 DEBUG timeout! - EPollPoller.cc:62
2025/06/30 16:45:704582 INFO  fd total count:2 - EPollPoller.cc:34
2025/06/30 16:45:745941 DEBUG timeout! - EPollPoller.cc:62
2025/06/30 16:45:745992 INFO  fd total count:1 - EPollPoller.cc:34
2025/06/30 16:45:747648 DEBUG timeout! - EPollPoller.cc:62
2025/06/30 16:45:747662 INFO  fd total count:1 - EPollPoller.cc:34
2025/06/30 16:45:759922 DEBUG timeout! - EPollPoller.cc:62
2025/06/30 16:45:759946 INFO  fd total count:1 - EPollPoller.cc:34
2025/06/30 16:45:714661 DEBUG timeout! - EPollPoller.cc:62
2025/06/30 16:45:714720 INFO  fd total count:2 - EPollPoller.cc:34
2025/06/30 16:45:756069 DEBUG timeout! - EPollPoller.cc:62
2025/06/30 16:45:756095 INFO  fd total count:1 - EPollPoller.cc:34
2025/06/30 16:45:756077 DEBUG timeout! - EPollPoller.cc:62
2025/06/30 16:45:756160 INFO  fd total count:1 - EPollPoller.cc:34
2025/06/30 16:45:770031 DEBUG timeout! - EPollPoller.cc:62
2025/06/30 16:45:770053 INFO  fd total count:1 - EPollPoller.cc:34
2025/06/30 16:45:724764 DEBUG timeout! - EPollPoller.cc:62
2025/06/30 16:45:724797 INFO  fd total count:2 - EPollPoller.cc:34
2025/06/30 16:45:766179 DEBUG timeout! - EPollPoller.cc:62
2025/06/30 16:45:766201 INFO  fd total count:1 - EPollPoller.cc:34
2025/06/30 16:45:766247 DEBUG timeout! - EPollPoller.cc:62
2025/06/30 16:45:766296 INFO  fd total count:1 - EPollPoller.cc:34
2025/06/30 16:45:780109 DEBUG timeout! - EPollPoller.cc:62
2025/06/30 16:45:780130 INFO  fd total count:1 - EPollPoller.cc:34
2025/06/30 16:45:734855 DEBUG timeout! - EPollPoller.cc:62
2025/06/30 16:45:734921 INFO  fd total count:2 - EPollPoller.cc:34
2025/06/30 16:45:776279 DEBUG timeout! - EPollPoller.cc:62
2025/06/30 16:45:776338 INFO  fd total count:1 - EPollPoller.cc:34
2025/06/30 16:45:776358 DEBUG timeout! - EPollPoller.cc:62
2025/06/30 16:45:776384 INFO  fd total count:1 - EPollPoller.cc:34
2025/06/30 16:45:790250 DEBUG timeout! - EPollPoller.cc:62
2025/06/30 16:45:790301 INFO  fd total count:1 - EPollPoller.cc:34
2025/06/30 16:45:744960 DEBUG timeout! - EPollPoller.cc:62
2025/06/30 16:45:744991 INFO  fd total count:2 - EPollPoller.cc:34
2025/06/30 16:45:786377 DEBUG timeout! - EPollPoller.cc:62
2025/06/30 16:45:786399 INFO  fd total count:1 - EPollPoller.cc:34
2025/06/30 16:45:786443 DEBUG timeout! - EPollPoller.cc:62
2025/06/30 16:45:786466 INFO  fd total count:1 - EPollPoller.cc:34
2025/06/30 16:45:800380 DEBUG timeout! - EPollPoller.cc:62
2025/06/30 16:45:800400 INFO  fd total count:1 - EPollPoller.cc:34
2025/06/30 16:45:755024 DEBUG timeout! - EPollPoller.cc:62
2025/06/30 16:45:755057 INFO  fd total count:2 - EPollPoller.cc:34
2025/06/30 16:45:796451 DEBUG timeout! - EPollPoller.cc:62
2025/06/30 16:45:796504 INFO  fd total count:1 - EPollPoller.cc:34
2025/06/30 16:45:796593 DEBUG timeout! - EPollPoller.cc:62
2025/06/30 16:45:796645 INFO  fd total count:1 - EPollPoller.cc:34
2025/06/30 16:45:810479 DEBUG timeout! - EPollPoller.cc:62
2025/06/30 16:45:810499 INFO  fd total count:1 - EPollPoller.cc:34
2025/06/30 16:46:765116 DEBUG timeout! - EPollPoller.cc:62
2025/06/30 16:46:765173 INFO  fd total count:2 - EPollPoller.cc:34
2025/06/30 16:46:806602 DEBUG timeout! - EPollPoller.cc:62
2025/06/30 16:46:806660 INFO  fd total count:1 - EPollPoller.cc:34
2025/06/30 16:46:806721 DEBUG timeout! - EPollPoller.cc:62
2025/06/30 16:46:806768 INFO  fd total count:1 - EPollPoller.cc:34
2025/06/30 16:46:820569 DEBUG timeout! - EPollPoller.cc:62
2025/06/30 16:46:820590 INFO  fd total count:1 - EPollPoller.cc:34
2025/06/30 16:46:775243 DEBUG timeout! - EPollPoller.cc:62
2025/06/30 16:46:775302 INFO  fd total count:2 - EPollPoller.cc:34
2025/06/30 16:46:816710 DEBUG timeout! - EPollPoller.cc:62
2025/06/30 16:46:816735 INFO  fd total count:1 - EPollPoller.cc:34
2025/06/30 16:46:816873 DEBUG timeout! - EPollPoller.cc:62
2025/06/30 16:46:816924 INFO  fd total count:1 - EPollPoller.cc:34
2025/06/30 16:46:830700 DEBUG timeout! - EPollPoller.cc:62
2025/06/30 16:46:830748 INFO  fd total count:1 - EPollPoller.cc:34
2025/06/30 16:46:785373 DEBUG timeout! - EPollPoller.cc:62
2025/06/30 16:46:785436 INFO  fd total count:2 - EPollPoller.cc:34
2025/06/30 16:46:826790 DEBUG timeout! - EPollPoller.cc:62
2025/06/30 16:46:826823 INFO  fd total count:1 - EPollPoller.cc:34
2025/06/30 16:46:827011 DEBUG timeout! - EPollPoller.cc:62
2025/06/30 16:46:827058 INFO  fd total count:1 - EPollPoller.cc:34
2025/06/30 16:46:840810 DEBUG timeout! - EPollPoller.cc:62
2025/06/30 16:46:840831 INFO  fd total count:1 - EPollPoller.cc:34
2025/06/30 16:46:795516 DEBUG timeout! - EPollPoller.cc:62
2025/06/30 16:46:795577 INFO  fd total count:2 - EPollPoller.cc:34
2025/06/30 16:46:836850 DEBUG timeout! - EPollPoller.cc:62
2025/06/30 16:46:836879 INFO  fd total count:1 - EPollPoller.cc:34
2025/06/30 16:46:837123 DEBUG timeout! - EPollPoller.cc:62
2025/06/30 16:46:837169 INFO  fd total count:1 - EPollPoller.cc:34
2025/06/30 16:46:850938 DEBUG timeout! - EPollPoller.cc:62
2025/06/30 16:46:850989 INFO  fd total count:1 - EPollPoller.cc:34
2025/06/30 16:46:805638 DEBUG timeout! - EPollPoller.cc:62
2025/06/30 16:46:805672 INFO  fd total count:2 - EPollPoller.cc:34
2025/06/30 16:46:843864 DEBUG timeout! - EPollPoller.cc:62
2025/06/30 16:46:843915 INFO  fd total count:1 - EPollPoller.cc:34
2025/06/30 16:46:846929 DEBUG timeout! - EPollPoller.cc:62
2025/06/30 16:46:846951 INFO  fd total count:1 - EPollPoller.cc:34
2025/06/30 16:46:861089 DEBUG timeout! - EPollPoller.cc:62
2025/06/30 16:46:861140 INFO  fd total count:1 - EPollPoller.cc:34
2025/06/30 16:46:815719 DEBUG timeout! - EPollPoller.cc:62
2025/06/30 16:46:815753 INFO  fd total count:2 - EPollPoller.cc:34
2025/06/30 16:46:854028 DEBUG timeout! - EPollPoller.cc:62
2025/06/30 16:46:854081 INFO  fd total count:1 - EPollPoller.cc:34
2025/06/30 16:46:857076 DEBUG timeout! - EPollPoller.cc:62
2025/06/30 16:46:857123 INFO  fd total count:1 - EPollPoller.cc:34
2025/06/30 16:46:871257 DEBUG timeout! - EPollPoller.cc:62
2025/06/30 16:46:871307 INFO  fd total count:1 - EPollPoller.cc:34
2025/06/30 16:47:825807 DEBUG timeout! - EPollPoller.cc:62
2025/06/30 16:47:825859 INFO  fd total count:2 - EPollPoller.cc:34
2025/06/30 16:47:864174 DEBUG timeout! - EPollPoller.cc:62
2025/06/30 16:47:864203 INFO  fd total count:1 - EPollPoller.cc:34
2025/06/30 16:47:867208 DEBUG timeout! - EPollPoller.cc:62
2025/06/30 16:47:867255 INFO  fd total count:1 - EPollPoller.cc:34
2025/06/30 16:47:881404 DEBUG timeout! - EPollPoller.cc:62
2025/06/30 16:47:881422 INFO  fd total count:1 - EPollPoller.cc:34
2025/06/30 16:47:835926 DEBUG timeout! - EPollPoller.cc:62
2025/06/30 16:47:835958 INFO  fd total count:2 - EPollPoller.cc:34
2025/06/30 16:47:871882 DEBUG timeout! - EPollPoller.cc:62
2025/06/30 16:47:871933 INFO  fd total count:1 - EPollPoller.cc:34
2025/06/30 16:47:874238 DEBUG timeout! - EPollPoller.cc:62
2025/06/30 16:47:874261 INFO  fd total count:1 - EPollPoller.cc:34
2025/06/30 16:47:891542 DEBUG timeout! - EPollPoller.cc:62
2025/06/30 16:47:891591 INFO  fd total count:1 - EPollPoller.cc:34
2025/06/30 16:47:846023 DEBUG timeout! - EPollPoller.cc:62
2025/06/30 16:47:846084 INFO  fd total count:2 - EPollPoller.cc:34
2025/06/30 16:47:881994 DEBUG timeout! - EPollPoller.cc:62
2025/06/30 16:47:882028 INFO  fd total count:1 - EPollPoller.cc:34
2025/06/30 16:47:884399 DEBUG timeout! - EPollPoller.cc:62
2025/06/30 16:47:884446 INFO  fd total count:1 - EPollPoller.cc:34
2025/06/30 16:47:901709 DEBUG timeout! - EPollPoller.cc:62
2025/06/30 16:47:901761 INFO  fd total count:1 - EPollPoller.cc:34
2025/06/30 16:47:856143 DEBUG timeout! - EPollPoller.cc:62
2025/06/30 16:47:856181 INFO  fd total count:2 - EPollPoller.cc:34
2025/06/30 16:47:892058 DEBUG timeout! - EPollPoller.cc:62
2025/06/30 16:47:892093 INFO  fd total count:1 - EPollPoller.cc:34
2025/06/30 16:47:894509 DEBUG timeout! - EPollPoller.cc:62
2025/06/30 16:47:894531 INFO  fd total count:1 - EPollPoller.cc:34
2025/06/30 16:47:911888 DEBUG timeout! - EPollPoller.cc:62
2025/06/30 16:47:911938 INFO  fd total count:1 - EPollPoller.cc:34
2025/06/30 16:47:866255 DEBUG timeout! - EPollPoller.cc:62
2025/06/30 16:47:866286 INFO  fd total count:2 - EPollPoller.cc:34
2025/06/30 16:47:902117 DEBUG timeout! - EPollPoller.cc:62
2025/06/30 16:47:902142 INFO  fd total count:1 - EPollPoller.cc:34
2025/06/30 16:47:904575 DEBUG timeout! - EPollPoller.cc:62
2025/06/30 16:47:904594 INFO  fd total count:1 - EPollPoller.cc:34
2025/06/30 16:47:922002 DEBUG timeout! - EPollPoller.cc:62
2025/06/30 16:47:922021 INFO  fd total count:1 - EPollPoller.cc:34
2025/06/30 16:47:876330 DEBUG timeout! - EPollPoller.cc:62
2025/06/30 16:47:876362 INFO  fd total count:2 - EPollPoller.cc:34
2025/06/30 16:47:912198 DEBUG timeout! - EPollPoller.cc:62
2025/06/30 16:47:912224 INFO  fd total count:1 - EPollPoller.cc:34
2025/06/30 16:47:914630 DEBUG timeout! - EPollPoller.cc:62
2025/06/30 16:47:914648 INFO  fd total count:1 - EPollPoller.cc:34
2025/06/30 16:47:932096 DEBUG timeout! - EPollPoller.cc:62
2025/06/30 16:47:932117 INFO  fd total count:1 - EPollPoller.cc:34
2025/06/30 16:48:886417 DEBUG timeout! - EPollPoller.cc:62
2025/06/30 16:48:886479 INFO  fd total count:2 - EPollPoller.cc:34
2025/06/30 16:48:922265 DEBUG timeout! - EPollPoller.cc:62
2025/06/30 16:48:922288 INFO  fd total count:1 - EPollPoller.cc:34
2025/06/30 16:48:924690 DEBUG timeout! - EPollPoller.cc:62
2025/06/30 16:48:924714 INFO  fd total count:1 - EPollPoller.cc:34
2025/06/30 16:48:942239 DEBUG timeout! - EPollPoller.cc:62
2025/06/30 16:48:942286 INFO  fd total count:1 - EPollPoller.cc:34
2025/06/30 16:48:896551 DEBUG timeout! - EPollPoller.cc:62
2025/06/30 16:48:896609 INFO  fd total count:2 - EPollPoller.cc:34
2025/06/30 16:48:932330 DEBUG timeout! - EPollPoller.cc:62
2025/06/30 16:48:932360 INFO  fd total count:1 - EPollPoller.cc:34
2025/06/30 16:48:934766 DEBUG timeout! - EPollPoller.cc:62
2025/06/30 16:48:934813 INFO  fd total count:1 - EPollPoller.cc:34
2025/06/30 16:48:952388 DEBUG timeout! - EPollPoller.cc:62
2025/06/30 16:48:952436 INFO  fd total count:1 - EPollPoller.cc:34
2025/06/30 16:48:906684 DEBUG timeout! - EPollPoller.cc:62
2025/06/30 16:48:906716 INFO  fd total count:2 - EPollPoller.cc:34
2025/06/30 16:48:942394 DEBUG timeout! - EPollPoller.cc:62
2025/06/30 16:48:942422 INFO  fd total count:1 - EPollPoller.cc:34
2025/06/30 16:48:944847 DEBUG timeout! - EPollPoller.cc:62
2025/06/30 16:48:944866 INFO  fd total count:1 - EPollPoller.cc:34
2025/06/30 16:48:962541 DEBUG timeout! - EPollPoller.cc:62
2025/06/30 16:48:962593 INFO  fd total count:1 - EPollPoller.cc:34
2025/06/30 16:48:916765 DEBUG timeout! - EPollPoller.cc:62
2025/06/30 16:48:916803 INFO  fd total count:2 - EPollPoller.cc:34
2025/06/30 16:48:951897 DEBUG timeout! - EPollPoller.cc:62
2025/06/30 16:48:951921 INFO  fd total count:1 - EPollPoller.cc:34
2025/06/30 16:48:952483 DEBUG timeout! - EPollPoller.cc:62
2025/06/30 16:48:952535 INFO  fd total count:1 - EPollPoller.cc:34
2025/06/30 16:48:972674 DEBUG timeout! - EPollPoller.cc:62
2025/06/30 16:48:972723 INFO  fd total count:1 - EPollPoller.cc:34
2025/06/30 16:48:926918 DEBUG timeout! - EPollPoller.cc:62
2025/06/30 16:48:926980 INFO  fd total count:2 - EPollPoller.cc:34
2025/06/30 16:48:962004 DEBUG timeout! - EPollPoller.cc:62
2025/06/30 16:48:962038 INFO  fd total count:1 - EPollPoller.cc:34
2025/06/30 16:48:962587 DEBUG timeout! - EPollPoller.cc:62
2025/06/30 16:48:962607 INFO  fd total count:1 - EPollPoller.cc:34
2025/06/30 16:48:982844 DEBUG timeout! - EPollPoller.cc:62
2025/06/30 16:48:982892 INFO  fd total count:1 - EPollPoller.cc:34
2025/06/30 16:48:937040 DEBUG timeout! - EPollPoller.cc:62
2025/06/30 16:48:937072 INFO  fd total count:2 - EPollPoller.cc:34
2025/06/30 16:48:972091 DEBUG timeout! - EPollPoller.cc:62
2025/06/30 16:48:972142 INFO  fd total count:1 - EPollPoller.cc:34
2025/06/30 16:48:972655 DEBUG timeout! - EPollPoller.cc:62
2025/06/30 16:48:972702 INFO  fd total count:1 - EPollPoller.cc:34
2025/06/30 16:48:992944 DEBUG timeout! - EPollPoller.cc:62
2025/06/30 16:48:992964 INFO  fd total count:1 - EPollPoller.cc:34
2025/06/30 16:49:947114 DEBUG timeout! - EPollPoller.cc:62
2025/06/30 16:49:947147 INFO  fd total count:2 - EPollPoller.cc:34
2025/06/30 16:49:982254 DEBUG timeout! - EPollPoller.cc:62
2025/06/30 16:49:982307 INFO  fd total count:1 - EPollPoller.cc:34
2025/06/30 16:49:982800 DEBUG timeout! - EPollPoller.cc:62
2025/06/30 16:49:982823 INFO  fd total count:1 - EPollPoller.cc:34
2025/06/30 16:49:003018 DEBUG timeout! - EPollPoller.cc:62
2025/06/30 16:49:003039 INFO  fd total count:1 - EPollPoller.cc:34
2025/06/30 16:49:951885 DEBUG timeout! - EPollPoller.cc:62
2025/06/30 16:49:951942 INFO  fd total count:2 - EPollPoller.cc:34
2025/06/30 16:49:992369 DEBUG timeout! - EPollPoller.cc:62
2025/06/30 16:49:992431 INFO  fd total count:1 - EPollPoller.cc:34
2025/06/30 16:49:992854 DEBUG timeout! - EPollPoller.cc:62
2025/06/30 16:49:992876 INFO  fd total count:1 - EPollPoller.cc:34
2025/06/30 16:49:013077 DEBUG timeout! - EPollPoller.cc:62
2025/06/30 16:49:013098 INFO  fd total count:1 - EPollPoller.cc:34
2025/06/30 16:49:961986 DEBUG timeout! - EPollPoller.cc:62
2025/06/30 16:49:962019 INFO  fd total count:2 - EPollPoller.cc:34
2025/06/30 16:49:002555 DEBUG timeout! - EPollPoller.cc:62
2025/06/30 16:49:002606 INFO  fd total count:1 - EPollPoller.cc:34
2025/06/30 16:49:002981 DEBUG timeout! - EPollPoller.cc:62
2025/06/30 16:49:003001 INFO  fd total count:1 - EPollPoller.cc:34
2025/06/30 16:49:023183 DEBUG timeout! - EPollPoller.cc:62
2025/06/30 16:49:023233 INFO  fd total count:1 - EPollPoller.cc:34
2025/06/30 16:49:972072 DEBUG timeout! - EPollPoller.cc:62
2025/06/30 16:49:972124 INFO  fd total count:2 - EPollPoller.cc:34
2025/06/30 16:49:012653 DEBUG timeout! - EPollPoller.cc:62
2025/06/30 16:49:012686 INFO  fd total count:1 - EPollPoller.cc:34
2025/06/30 16:49:013086 DEBUG timeout! - EPollPoller.cc:62
2025/06/30 16:49:013135 INFO  fd total count:1 - EPollPoller.cc:34
2025/06/30 16:49:033293 DEBUG timeout! - EPollPoller.cc:62
2025/06/30 16:49:033313 INFO  fd total count:1 - EPollPoller.cc:34
2025/06/30 16:49:982241 DEBUG timeout! - EPollPoller.cc:62
2025/06/30 16:49:982295 INFO  fd total count:2 - EPollPoller.cc:34
2025/06/30 16:49:022758 DEBUG timeout! - EPollPoller.cc:62
2025/06/30 16:49:022791 INFO  fd total count:1 - EPollPoller.cc:34
2025/06/30 16:49:023232 DEBUG timeout! - EPollPoller.cc:62
2025/06/30 16:49:023253 INFO  fd total count:1 - EPollPoller.cc:34
2025/06/30 16:49:043391 DEBUG timeout! - EPollPoller.cc:62
2025/06/30 16:49:043411 INFO  fd total count:1 - EPollPoller.cc:34
2025/06/30 16:49:987898 DEBUG timeout! - EPollPoller.cc:62
2025/06/30 16:49:987957 INFO  fd total count:2 - EPollPoller.cc:34
2025/06/30 16:49:026245 DEBUG timeout! - EPollPoller.cc:62
2025/06/30 16:49:026270 INFO  fd total count:1 - EPollPoller.cc:34
2025/06/30 16:49:033304 DEBUG timeout! - EPollPoller.cc:62
2025/06/30 16:49:033352 INFO  fd total count:1 - EPollPoller.cc:34
2025/06/30 16:49:053517 DEBUG timeout! - EPollPoller.cc:62
2025/06/30 16:49:053569 INFO  fd total count:1 - EPollPoller.cc:34
2025/06/30 16:50:998015 DEBUG timeout! - EPollPoller.cc:62
2025/06/30 16:50:998068 INFO  fd total count:2 - EPollPoller.cc:34
2025/06/30 16:50:035819 DEBUG timeout! - EPollPoller.cc:62
2025/06/30 16:50:035854 INFO  fd total count:1 - EPollPoller.cc:34
2025/06/30 16:50:043410 DEBUG timeout! - EPollPoller.cc:62
2025/06/30 16:50:043467 INFO  fd total count:1 - EPollPoller.cc:34
2025/06/30 16:50:063606 DEBUG timeout! - EPollPoller.cc:62
2025/06/30 16:50:063628 INFO  fd total count:1 - EPollPoller.cc:34
2025/06/30 16:50:008124 DEBUG timeout! - EPollPoller.cc:62
2025/06/30 16:50:008171 INFO  fd total count:2 - EPollPoller.cc:34
2025/06/30 16:50:045903 DEBUG timeout! - EPollPoller.cc:62
2025/06/30 16:50:045918 INFO  fd total count:1 - EPollPoller.cc:34
2025/06/30 16:50:053554 DEBUG timeout! - EPollPoller.cc:62
2025/06/30 16:50:053610 INFO  fd total count:1 - EPollPoller.cc:34
2025/06/30 16:50:073668 DEBUG timeout! - EPollPoller.cc:62
2025/06/30 16:50:073689 INFO  fd total count:1 - EPollPoller.cc:34
2025/06/30 16:50:018252 DEBUG timeout! - EPollPoller.cc:62
2025/06/30 16:50:018310 INFO  fd total count:2 - EPollPoller.cc:34
2025/06/30 16:50:055831 DEBUG timeout! - EPollPoller.cc:62
2025/06/30 16:50:055866 INFO  fd total count:1 - EPollPoller.cc:34
2025/06/30 16:50:063653 DEBUG timeout! - EPollPoller.cc:62
2025/06/30 16:50:063680 INFO  fd total count:1 - EPollPoller.cc:34
2025/06/30 16:50:083744 DEBUG timeout! - EPollPoller.cc:62
2025/06/30 16:50:083832 INFO  fd total count:1 - EPollPoller.cc:34
2025/06/30 16:50:028384 DEBUG timeout! - EPollPoller.cc:62
2025/06/30 16:50:028443 INFO  fd total count:2 - EPollPoller.cc:34
2025/06/30 16:50:065961 DEBUG timeout! - EPollPoller.cc:62
2025/06/30 16:50:065991 INFO  fd total count:1 - EPollPoller.cc:34
2025/06/30 16:50:073727 DEBUG timeout! - EPollPoller.cc:62
2025/06/30 16:50:073760 INFO  fd total count:1 - EPollPoller.cc:34
2025/06/30 16:50:093964 DEBUG timeout! - EPollPoller.cc:62
2025/06/30 16:50:094016 INFO  fd total count:1 - EPollPoller.cc:34
2025/06/30 16:50:038522 DEBUG timeout! - EPollPoller.cc:62
2025/06/30 16:50:038583 INFO  fd total count:2 - EPollPoller.cc:34
2025/06/30 16:50:076062 DEBUG timeout! - EPollPoller.cc:62
2025/06/30 16:50:076090 INFO  fd total count:1 - EPollPoller.cc:34
2025/06/30 16:50:083795 DEBUG timeout! - EPollPoller.cc:62
2025/06/30 16:50:083827 INFO  fd total count:1 - EPollPoller.cc:34
2025/06/30 16:50:104098 DEBUG timeout! - EPollPoller.cc:62
2025/06/30 16:50:104119 INFO  fd total count:1 - EPollPoller.cc:34
2025/06/30 16:50:043845 DEBUG timeout! - EPollPoller.cc:62
2025/06/30 16:50:043896 INFO  fd total count:2 - EPollPoller.cc:34
2025/06/30 16:50:086158 DEBUG timeout! - EPollPoller.cc:62
2025/06/30 16:50:086190 INFO  fd total count:1 - EPollPoller.cc:34
2025/06/30 16:50:091802 DEBUG timeout! - EPollPoller.cc:62
2025/06/30 16:50:091835 INFO  fd total count:1 - EPollPoller.cc:34
2025/06/30 16:50:114182 DEBUG timeout! - EPollPoller.cc:62
2025/06/30 16:50:114236 INFO  fd total count:1 - EPollPoller.cc:34
2025/06/30 16:51:053930 DEBUG timeout! - EPollPoller.cc:62
2025/06/30 16:51:053957 INFO  fd total count:2 - EPollPoller.cc:34
2025/06/30 16:51:096219 DEBUG timeout! - EPollPoller.cc:62
2025/06/30 16:51:096226 INFO  fd total count:1 - EPollPoller.cc:34
2025/06/30 16:51:101872 DEBUG timeout! - EPollPoller.cc:62
2025/06/30 16:51:101899 INFO  fd total count:1 - EPollPoller.cc:34
2025/06/30 16:51:124341 DEBUG timeout! - EPollPoller.cc:62
2025/06/30 16:51:124398 INFO  fd total count:1 - EPollPoller.cc:34
2025/06/30 16:51:063829 DEBUG timeout! - EPollPoller.cc:62
2025/06/30 16:51:063863 INFO  fd total count:2 - EPollPoller.cc:34
2025/06/30 16:51:106266 DEBUG timeout! - EPollPoller.cc:62
2025/06/30 16:51:106294 INFO  fd total count:1 - EPollPoller.cc:34
2025/06/30 16:51:111959 DEBUG timeout! - EPollPoller.cc:62
2025/06/30 16:51:111986 INFO  fd total count:1 - EPollPoller.cc:34
2025/06/30 16:51:134464 DEBUG timeout! - EPollPoller.cc:62
2025/06/30 16:51:134492 INFO  fd total count:1 - EPollPoller.cc:34
2025/06/30 16:51:073923 DEBUG timeout! - EPollPoller.cc:62
2025/06/30 16:51:073955 INFO  fd total count:2 - EPollPoller.cc:34
2025/06/30 16:51:116320 DEBUG timeout! - EPollPoller.cc:62
2025/06/30 16:51:116328 INFO  fd total count:1 - EPollPoller.cc:34
2025/06/30 16:51:122043 DEBUG timeout! - EPollPoller.cc:62
2025/06/30 16:51:122094 INFO  fd total count:1 - EPollPoller.cc:34
2025/06/30 16:51:144577 DEBUG timeout! - EPollPoller.cc:62
2025/06/30 16:51:144600 INFO  fd total count:1 - EPollPoller.cc:34
2025/06/30 16:51:083995 DEBUG timeout! - EPollPoller.cc:62
2025/06/30 16:51:084028 INFO  fd total count:2 - EPollPoller.cc:34
2025/06/30 16:51:126397 DEBUG timeout! - EPollPoller.cc:62
2025/06/30 16:51:126427 INFO  fd total count:1 - EPollPoller.cc:34
2025/06/30 16:51:132141 DEBUG timeout! - EPollPoller.cc:62
2025/06/30 16:51:132173 INFO  fd total count:1 - EPollPoller.cc:34
2025/06/30 16:51:154656 DEBUG timeout! - EPollPoller.cc:62
2025/06/30 16:51:154704 INFO  fd total count:1 - EPollPoller.cc:34
2025/06/30 16:51:094083 DEBUG timeout! - EPollPoller.cc:62
2025/06/30 16:51:094117 INFO  fd total count:2 - EPollPoller.cc:34
2025/06/30 16:51:136461 DEBUG timeout! - EPollPoller.cc:62
2025/06/30 16:51:136472 INFO  fd total count:1 - EPollPoller.cc:34
2025/06/30 16:51:142272 DEBUG timeout! - EPollPoller.cc:62
2025/06/30 16:51:142326 INFO  fd total count:1 - EPollPoller.cc:34
2025/06/30 16:51:164801 DEBUG timeout! - EPollPoller.cc:62
2025/06/30 16:51:164825 INFO  fd total count:1 - EPollPoller.cc:34
2025/06/30 16:51:104169 DEBUG timeout! - EPollPoller.cc:62
2025/06/30 16:51:104221 INFO  fd total count:2 - EPollPoller.cc:34
2025/06/30 16:51:140759 DEBUG timeout! - EPollPoller.cc:62
2025/06/30 16:51:140815 INFO  fd total count:1 - EPollPoller.cc:34
2025/06/30 16:51:152401 DEBUG timeout! - EPollPoller.cc:62
2025/06/30 16:51:152453 INFO  fd total count:1 - EPollPoller.cc:34
2025/06/30 16:51:174932 DEBUG timeout! - EPollPoller.cc:62
2025/06/30 16:51:174982 INFO  fd total count:1 - EPollPoller.cc:34
2025/06/30 16:52:114314 DEBUG timeout! - EPollPoller.cc:62
2025/06/30 16:52:114373 INFO  fd total count:2 - EPollPoller.cc:34
2025/06/30 16:52:150861 DEBUG timeout! - EPollPoller.cc:62
2025/06/30 16:52:150887 INFO  fd total count:1 - EPollPoller.cc:34
2025/06/30 16:52:162515 DEBUG timeout! - EPollPoller.cc:62
2025/06/30 16:52:162562 INFO  fd total count:1 - EPollPoller.cc:34
2025/06/30 16:52:185102 DEBUG timeout! - EPollPoller.cc:62
2025/06/30 16:52:185150 INFO  fd total count:1 - EPollPoller.cc:34
2025/06/30 16:52:124411 DEBUG timeout! - EPollPoller.cc:62
2025/06/30 16:52:124445 INFO  fd total count:2 - EPollPoller.cc:34
2025/06/30 16:52:160925 DEBUG timeout! - EPollPoller.cc:62
2025/06/30 16:52:160951 INFO  fd total count:1 - EPollPoller.cc:34
2025/06/30 16:52:172608 DEBUG timeout! - EPollPoller.cc:62
2025/06/30 16:52:172631 INFO  fd total count:1 - EPollPoller.cc:34
2025/06/30 16:52:195199 DEBUG timeout! - EPollPoller.cc:62
2025/06/30 16:52:195220 INFO  fd total count:1 - EPollPoller.cc:34
2025/06/30 16:52:134498 DEBUG timeout! - EPollPoller.cc:62
2025/06/30 16:52:134536 INFO  fd total count:2 - EPollPoller.cc:34
2025/06/30 16:52:171024 DEBUG timeout! - EPollPoller.cc:62
2025/06/30 16:52:171056 INFO  fd total count:1 - EPollPoller.cc:34
2025/06/30 16:52:182680 DEBUG timeout! - EPollPoller.cc:62
2025/06/30 16:52:182704 INFO  fd total count:1 - EPollPoller.cc:34
2025/06/30 16:52:205284 DEBUG timeout! - EPollPoller.cc:62
2025/06/30 16:52:205305 INFO  fd total count:1 - EPollPoller.cc:34
2025/06/30 16:52:144595 DEBUG timeout! - EPollPoller.cc:62
2025/06/30 16:52:144647 INFO  fd total count:2 - EPollPoller.cc:34
2025/06/30 16:52:181112 DEBUG timeout! - EPollPoller.cc:62
2025/06/30 16:52:181145 INFO  fd total count:1 - EPollPoller.cc:34
2025/06/30 16:52:192755 DEBUG timeout! - EPollPoller.cc:62
2025/06/30 16:52:192805 INFO  fd total count:1 - EPollPoller.cc:34
2025/06/30 16:52:215349 DEBUG timeout! - EPollPoller.cc:62
2025/06/30 16:52:215370 INFO  fd total count:1 - EPollPoller.cc:34
2025/06/30 16:52:151329 DEBUG timeout! - EPollPoller.cc:62
2025/06/30 16:52:151364 INFO  fd total count:2 - EPollPoller.cc:34
2025/06/30 16:52:191223 DEBUG timeout! - EPollPoller.cc:62
2025/06/30 16:52:191247 INFO  fd total count:1 - EPollPoller.cc:34
2025/06/30 16:52:202889 DEBUG timeout! - EPollPoller.cc:62
2025/06/30 16:52:202935 INFO  fd total count:1 - EPollPoller.cc:34
2025/06/30 16:52:225520 DEBUG timeout! - EPollPoller.cc:62
2025/06/30 16:52:225570 INFO  fd total count:1 - EPollPoller.cc:34
2025/06/30 16:52:161411 DEBUG timeout! - EPollPoller.cc:62
2025/06/30 16:52:161440 INFO  fd total count:2 - EPollPoller.cc:34
2025/06/30 16:52:201307 DEBUG timeout! - EPollPoller.cc:62
2025/06/30 16:52:201332 INFO  fd total count:1 - EPollPoller.cc:34
2025/06/30 16:52:212984 DEBUG timeout! - EPollPoller.cc:62
2025/06/30 16:52:213007 INFO  fd total count:1 - EPollPoller.cc:34
2025/06/30 16:52:235633 DEBUG timeout! - EPollPoller.cc:62
2025/06/30 16:52:235655 INFO  fd total count:1 - EPollPoller.cc:34
2025/06/30 16:53:171488 DEBUG timeout! - EPollPoller.cc:62
2025/06/30 16:53:171525 INFO  fd total count:2 - EPollPoller.cc:34
2025/06/30 16:53:211406 DEBUG timeout! - EPollPoller.cc:62
2025/06/30 16:53:211442 INFO  fd total count:1 - EPollPoller.cc:34
2025/06/30 16:53:223049 DEBUG timeout! - EPollPoller.cc:62
2025/06/30 16:53:223070 INFO  fd total count:1 - EPollPoller.cc:34
2025/06/30 16:53:245790 DEBUG timeout! - EPollPoller.cc:62
2025/06/30 16:53:245840 INFO  fd total count:1 - EPollPoller.cc:34
2025/06/30 16:53:181574 DEBUG timeout! - EPollPoller.cc:62
2025/06/30 16:53:181637 INFO  fd total count:2 - EPollPoller.cc:34
2025/06/30 16:53:221508 DEBUG timeout! - EPollPoller.cc:62
2025/06/30 16:53:221539 INFO  fd total count:1 - EPollPoller.cc:34
2025/06/30 16:53:233107 DEBUG timeout! - EPollPoller.cc:62
2025/06/30 16:53:233128 INFO  fd total count:1 - EPollPoller.cc:34
2025/06/30 16:53:255909 DEBUG timeout! - EPollPoller.cc:62
2025/06/30 16:53:255930 INFO  fd total count:1 - EPollPoller.cc:34
2025/06/30 16:53:191832 DEBUG timeout! - EPollPoller.cc:62
2025/06/30 16:53:191898 INFO  fd total count:2 - EPollPoller.cc:34
2025/06/30 16:53:231598 DEBUG timeout! - EPollPoller.cc:62
2025/06/30 16:53:231649 INFO  fd total count:1 - EPollPoller.cc:34
2025/06/30 16:53:243179 DEBUG timeout! - EPollPoller.cc:62
2025/06/30 16:53:243226 INFO  fd total count:1 - EPollPoller.cc:34
2025/06/30 16:53:265987 DEBUG timeout! - EPollPoller.cc:62
2025/06/30 16:53:266009 INFO  fd total count:1 - EPollPoller.cc:34
