2025/06/27 18:53:770924 DEBUG EventLoop createdtruein thread233419 - EventLoop.cc:53
2025/06/27 18:53:770975 INFO  func =>fd4events=3index=-1 - EPollPoller.cc:91
2025/06/27 18:53:771149 INFO  LlamaService 初始化，连接到 127.0.0.1:8899 (使用CPU) - main.cc:103
2025/06/27 18:53:771301 DEBUG EventLoop createdtruein thread233426 - EventLoop.cc:53
2025/06/27 18:53:771318 INFO  func =>fd8events=3index=-1 - EPollPoller.cc:91
2025/06/27 18:53:771337 INFO  EventLoop start looping - EventLoop.cc:82
2025/06/27 18:53:771340 INFO  fd total count:1 - EPollPoller.cc:34
2025/06/27 18:53:771534 DEBUG EventLoop createdtruein thread233427 - EventLoop.cc:53
2025/06/27 18:53:771551 INFO  func =>fd10events=3index=-1 - EPollPoller.cc:91
2025/06/27 18:53:771568 INFO  EventLoop start looping - EventLoop.cc:82
2025/06/27 18:53:771571 INFO  fd total count:1 - EPollPoller.cc:34
2025/06/27 18:53:771695 DEBUG EventLoop createdtruein thread233428 - EventLoop.cc:53
2025/06/27 18:53:771712 INFO  func =>fd12events=3index=-1 - EPollPoller.cc:91
2025/06/27 18:53:771728 INFO  EventLoop start looping - EventLoop.cc:82
2025/06/27 18:53:771732 INFO  fd total count:1 - EPollPoller.cc:34
2025/06/27 18:53:771745 INFO  func =>fd5events=3index=-1 - EPollPoller.cc:91
2025/06/27 18:53:771805 INFO  EventLoop start looping - EventLoop.cc:82
2025/06/27 18:53:771810 INFO  fd total count:2 - EPollPoller.cc:34
2025/06/27 18:53:781397 DEBUG timeout! - EPollPoller.cc:62
2025/06/27 18:53:781429 INFO  fd total count:1 - EPollPoller.cc:34
2025/06/27 18:53:781624 DEBUG timeout! - EPollPoller.cc:62
2025/06/27 18:53:781674 INFO  fd total count:1 - EPollPoller.cc:34
2025/06/27 18:53:781777 DEBUG timeout! - EPollPoller.cc:62
2025/06/27 18:53:781795 INFO  fd total count:1 - EPollPoller.cc:34
2025/06/27 18:53:781932 DEBUG timeout! - EPollPoller.cc:62
2025/06/27 18:53:781980 INFO  fd total count:2 - EPollPoller.cc:34
2025/06/27 18:53:791490 DEBUG timeout! - EPollPoller.cc:62
2025/06/27 18:53:791524 INFO  fd total count:1 - EPollPoller.cc:34
2025/06/27 18:53:791743 DEBUG timeout! - EPollPoller.cc:62
2025/06/27 18:53:791768 INFO  fd total count:1 - EPollPoller.cc:34
2025/06/27 18:53:791849 DEBUG timeout! - EPollPoller.cc:62
2025/06/27 18:53:791869 INFO  fd total count:1 - EPollPoller.cc:34
2025/06/27 18:53:792046 DEBUG timeout! - EPollPoller.cc:62
2025/06/27 18:53:792092 INFO  fd total count:2 - EPollPoller.cc:34
2025/06/27 18:53:801572 DEBUG timeout! - EPollPoller.cc:62
2025/06/27 18:53:801608 INFO  fd total count:1 - EPollPoller.cc:34
2025/06/27 18:53:801839 DEBUG timeout! - EPollPoller.cc:62
2025/06/27 18:53:801870 INFO  fd total count:1 - EPollPoller.cc:34
2025/06/27 18:53:801959 DEBUG timeout! - EPollPoller.cc:62
2025/06/27 18:53:802011 INFO  fd total count:1 - EPollPoller.cc:34
2025/06/27 18:53:802146 DEBUG timeout! - EPollPoller.cc:62
2025/06/27 18:53:802165 INFO  fd total count:2 - EPollPoller.cc:34
2025/06/27 18:53:811265 DEBUG timeout! - EPollPoller.cc:62
2025/06/27 18:53:811294 INFO  fd total count:1 - EPollPoller.cc:34
2025/06/27 18:53:811804 DEBUG timeout! - EPollPoller.cc:62
2025/06/27 18:53:811810 INFO  fd total count:2 - EPollPoller.cc:34
2025/06/27 18:53:811919 DEBUG timeout! - EPollPoller.cc:62
2025/06/27 18:53:811943 INFO  fd total count:1 - EPollPoller.cc:34
2025/06/27 18:53:812132 DEBUG timeout! - EPollPoller.cc:62
2025/06/27 18:53:812181 INFO  fd total count:1 - EPollPoller.cc:34
2025/06/27 18:54:819059 DEBUG timeout! - EPollPoller.cc:62
2025/06/27 18:54:819072 DEBUG timeout! - EPollPoller.cc:62
2025/06/27 18:54:819101 INFO  fd total count:1 - EPollPoller.cc:34
2025/06/27 18:54:819123 INFO  fd total count:2 - EPollPoller.cc:34
2025/06/27 18:54:822000 DEBUG timeout! - EPollPoller.cc:62
2025/06/27 18:54:822012 INFO  fd total count:1 - EPollPoller.cc:34
2025/06/27 18:54:822311 DEBUG timeout! - EPollPoller.cc:62
2025/06/27 18:54:822362 INFO  fd total count:1 - EPollPoller.cc:34
2025/06/27 18:54:829156 DEBUG timeout! - EPollPoller.cc:62
2025/06/27 18:54:829179 DEBUG timeout! - EPollPoller.cc:62
2025/06/27 18:54:829189 INFO  fd total count:1 - EPollPoller.cc:34
2025/06/27 18:54:829204 INFO  fd total count:2 - EPollPoller.cc:34
2025/06/27 18:54:832063 DEBUG timeout! - EPollPoller.cc:62
2025/06/27 18:54:832085 INFO  fd total count:1 - EPollPoller.cc:34
2025/06/27 18:54:832433 DEBUG timeout! - EPollPoller.cc:62
2025/06/27 18:54:832453 INFO  fd total count:1 - EPollPoller.cc:34
2025/06/27 18:54:833759 DEBUG timeout! - EPollPoller.cc:62
2025/06/27 18:54:833791 INFO  fd total count:2 - EPollPoller.cc:34
2025/06/27 18:54:839241 DEBUG timeout! - EPollPoller.cc:62
2025/06/27 18:54:839266 INFO  fd total count:1 - EPollPoller.cc:34
2025/06/27 18:54:842155 DEBUG timeout! - EPollPoller.cc:62
2025/06/27 18:54:842180 INFO  fd total count:1 - EPollPoller.cc:34
2025/06/27 18:54:842517 DEBUG timeout! - EPollPoller.cc:62
2025/06/27 18:54:842538 INFO  fd total count:1 - EPollPoller.cc:34
2025/06/27 18:54:843846 DEBUG timeout! - EPollPoller.cc:62
2025/06/27 18:54:843901 INFO  fd total count:2 - EPollPoller.cc:34
2025/06/27 18:54:849320 DEBUG timeout! - EPollPoller.cc:62
2025/06/27 18:54:849377 INFO  fd total count:1 - EPollPoller.cc:34
2025/06/27 18:54:852238 DEBUG timeout! - EPollPoller.cc:62
2025/06/27 18:54:852258 INFO  fd total count:1 - EPollPoller.cc:34
2025/06/27 18:54:852592 DEBUG timeout! - EPollPoller.cc:62
2025/06/27 18:54:852611 INFO  fd total count:1 - EPollPoller.cc:34
2025/06/27 18:54:853976 DEBUG timeout! - EPollPoller.cc:62
2025/06/27 18:54:854010 INFO  fd total count:2 - EPollPoller.cc:34
2025/06/27 18:54:859429 DEBUG timeout! - EPollPoller.cc:62
2025/06/27 18:54:859454 INFO  fd total count:1 - EPollPoller.cc:34
2025/06/27 18:54:862331 DEBUG timeout! - EPollPoller.cc:62
2025/06/27 18:54:862352 INFO  fd total count:1 - EPollPoller.cc:34
2025/06/27 18:54:862668 DEBUG timeout! - EPollPoller.cc:62
2025/06/27 18:54:862689 INFO  fd total count:1 - EPollPoller.cc:34
2025/06/27 18:54:864138 DEBUG timeout! - EPollPoller.cc:62
2025/06/27 18:54:864199 INFO  fd total count:2 - EPollPoller.cc:34
2025/06/27 18:54:869555 DEBUG timeout! - EPollPoller.cc:62
2025/06/27 18:54:869614 INFO  fd total count:1 - EPollPoller.cc:34
2025/06/27 18:54:872423 DEBUG timeout! - EPollPoller.cc:62
2025/06/27 18:54:872472 INFO  fd total count:1 - EPollPoller.cc:34
2025/06/27 18:54:872787 DEBUG timeout! - EPollPoller.cc:62
2025/06/27 18:54:872835 INFO  fd total count:1 - EPollPoller.cc:34
2025/06/27 18:55:874255 DEBUG timeout! - EPollPoller.cc:62
2025/06/27 18:55:874283 INFO  fd total count:2 - EPollPoller.cc:34
2025/06/27 18:55:879652 DEBUG timeout! - EPollPoller.cc:62
2025/06/27 18:55:879676 INFO  fd total count:1 - EPollPoller.cc:34
2025/06/27 18:55:882537 DEBUG timeout! - EPollPoller.cc:62
2025/06/27 18:55:882556 INFO  fd total count:1 - EPollPoller.cc:34
2025/06/27 18:55:882944 DEBUG timeout! - EPollPoller.cc:62
2025/06/27 18:55:882993 INFO  fd total count:1 - EPollPoller.cc:34
2025/06/27 18:55:884385 DEBUG timeout! - EPollPoller.cc:62
2025/06/27 18:55:884443 INFO  fd total count:2 - EPollPoller.cc:34
2025/06/27 18:55:889723 DEBUG timeout! - EPollPoller.cc:62
2025/06/27 18:55:889755 INFO  fd total count:1 - EPollPoller.cc:34
2025/06/27 18:55:892620 DEBUG timeout! - EPollPoller.cc:62
2025/06/27 18:55:892642 INFO  fd total count:1 - EPollPoller.cc:34
2025/06/27 18:55:893055 DEBUG timeout! - EPollPoller.cc:62
2025/06/27 18:55:893078 INFO  fd total count:1 - EPollPoller.cc:34
2025/06/27 18:55:894528 DEBUG timeout! - EPollPoller.cc:62
2025/06/27 18:55:894585 INFO  fd total count:2 - EPollPoller.cc:34
2025/06/27 18:55:899798 DEBUG timeout! - EPollPoller.cc:62
2025/06/27 18:55:899831 INFO  fd total count:1 - EPollPoller.cc:34
2025/06/27 18:55:902680 DEBUG timeout! - EPollPoller.cc:62
2025/06/27 18:55:902699 INFO  fd total count:1 - EPollPoller.cc:34
2025/06/27 18:55:903133 DEBUG timeout! - EPollPoller.cc:62
2025/06/27 18:55:903152 INFO  fd total count:1 - EPollPoller.cc:34
2025/06/27 18:55:903857 DEBUG timeout! - EPollPoller.cc:62
2025/06/27 18:55:903916 INFO  fd total count:2 - EPollPoller.cc:34
2025/06/27 18:55:909935 DEBUG timeout! - EPollPoller.cc:62
2025/06/27 18:55:909992 INFO  fd total count:1 - EPollPoller.cc:34
2025/06/27 18:55:912761 DEBUG timeout! - EPollPoller.cc:62
2025/06/27 18:55:912783 INFO  fd total count:1 - EPollPoller.cc:34
2025/06/27 18:55:913205 DEBUG timeout! - EPollPoller.cc:62
2025/06/27 18:55:913226 INFO  fd total count:1 - EPollPoller.cc:34
2025/06/27 18:55:914002 DEBUG timeout! - EPollPoller.cc:62
2025/06/27 18:55:914037 INFO  fd total count:2 - EPollPoller.cc:34
2025/06/27 18:55:920042 DEBUG timeout! - EPollPoller.cc:62
2025/06/27 18:55:920067 INFO  fd total count:1 - EPollPoller.cc:34
2025/06/27 18:55:922843 DEBUG timeout! - EPollPoller.cc:62
2025/06/27 18:55:922864 INFO  fd total count:1 - EPollPoller.cc:34
2025/06/27 18:55:923281 DEBUG timeout! - EPollPoller.cc:62
2025/06/27 18:55:923301 INFO  fd total count:1 - EPollPoller.cc:34
2025/06/27 18:55:924112 DEBUG timeout! - EPollPoller.cc:62
2025/06/27 18:55:924176 INFO  fd total count:2 - EPollPoller.cc:34
2025/06/27 18:55:930129 DEBUG timeout! - EPollPoller.cc:62
2025/06/27 18:55:930162 INFO  fd total count:1 - EPollPoller.cc:34
2025/06/27 18:55:932972 DEBUG timeout! - EPollPoller.cc:62
2025/06/27 18:55:933026 INFO  fd total count:1 - EPollPoller.cc:34
2025/06/27 18:55:933403 DEBUG timeout! - EPollPoller.cc:62
2025/06/27 18:55:933454 INFO  fd total count:1 - EPollPoller.cc:34
2025/06/27 18:56:934300 DEBUG timeout! - EPollPoller.cc:62
2025/06/27 18:56:934359 INFO  fd total count:2 - EPollPoller.cc:34
2025/06/27 18:56:940214 DEBUG timeout! - EPollPoller.cc:62
2025/06/27 18:56:940246 INFO  fd total count:1 - EPollPoller.cc:34
2025/06/27 18:56:943088 DEBUG timeout! - EPollPoller.cc:62
2025/06/27 18:56:943110 INFO  fd total count:1 - EPollPoller.cc:34
2025/06/27 18:56:943537 DEBUG timeout! - EPollPoller.cc:62
2025/06/27 18:56:943556 INFO  fd total count:1 - EPollPoller.cc:34
2025/06/27 18:56:944439 DEBUG timeout! - EPollPoller.cc:62
2025/06/27 18:56:944475 INFO  fd total count:2 - EPollPoller.cc:34
2025/06/27 18:56:950301 DEBUG timeout! - EPollPoller.cc:62
2025/06/27 18:56:950327 INFO  fd total count:1 - EPollPoller.cc:34
2025/06/27 18:56:953175 DEBUG timeout! - EPollPoller.cc:62
2025/06/27 18:56:953197 INFO  fd total count:1 - EPollPoller.cc:34
2025/06/27 18:56:953610 DEBUG timeout! - EPollPoller.cc:62
2025/06/27 18:56:953630 INFO  fd total count:1 - EPollPoller.cc:34
2025/06/27 18:56:951948 DEBUG timeout! - EPollPoller.cc:62
2025/06/27 18:56:952007 INFO  fd total count:1 - EPollPoller.cc:34
2025/06/27 18:56:954550 DEBUG timeout! - EPollPoller.cc:62
2025/06/27 18:56:954569 INFO  fd total count:2 - EPollPoller.cc:34
2025/06/27 18:56:963260 DEBUG timeout! - EPollPoller.cc:62
2025/06/27 18:56:963319 INFO  fd total count:1 - EPollPoller.cc:34
2025/06/27 18:56:963702 DEBUG timeout! - EPollPoller.cc:62
2025/06/27 18:56:963752 INFO  fd total count:1 - EPollPoller.cc:34
2025/06/27 18:56:962072 DEBUG timeout! - EPollPoller.cc:62
2025/06/27 18:56:962075 DEBUG timeout! - EPollPoller.cc:62
2025/06/27 18:56:962111 INFO  fd total count:1 - EPollPoller.cc:34
2025/06/27 18:56:962139 INFO  fd total count:2 - EPollPoller.cc:34
2025/06/27 18:56:973388 DEBUG timeout! - EPollPoller.cc:62
2025/06/27 18:56:973407 INFO  fd total count:1 - EPollPoller.cc:34
2025/06/27 18:56:973813 DEBUG timeout! - EPollPoller.cc:62
2025/06/27 18:56:973862 INFO  fd total count:1 - EPollPoller.cc:34
2025/06/27 18:56:967910 DEBUG timeout! - EPollPoller.cc:62
2025/06/27 18:56:967941 INFO  fd total count:1 - EPollPoller.cc:34
2025/06/27 18:56:971805 DEBUG timeout! - EPollPoller.cc:62
2025/06/27 18:56:971828 INFO  fd total count:2 - EPollPoller.cc:34
2025/06/27 18:56:983459 DEBUG timeout! - EPollPoller.cc:62
2025/06/27 18:56:983509 INFO  fd total count:1 - EPollPoller.cc:34
2025/06/27 18:56:983907 DEBUG timeout! - EPollPoller.cc:62
2025/06/27 18:56:983928 INFO  fd total count:1 - EPollPoller.cc:34
2025/06/27 18:56:978032 DEBUG timeout! - EPollPoller.cc:62
2025/06/27 18:56:978098 INFO  fd total count:1 - EPollPoller.cc:34
2025/06/27 18:56:979807 DEBUG timeout! - EPollPoller.cc:62
2025/06/27 18:56:979837 INFO  fd total count:2 - EPollPoller.cc:34
2025/06/27 18:56:993579 DEBUG timeout! - EPollPoller.cc:62
2025/06/27 18:56:993600 INFO  fd total count:1 - EPollPoller.cc:34
2025/06/27 18:56:993985 DEBUG timeout! - EPollPoller.cc:62
2025/06/27 18:56:994005 INFO  fd total count:1 - EPollPoller.cc:34
2025/06/27 18:57:982757 DEBUG timeout! - EPollPoller.cc:62
2025/06/27 18:57:982791 INFO  fd total count:2 - EPollPoller.cc:34
2025/06/27 18:57:988134 DEBUG timeout! - EPollPoller.cc:62
2025/06/27 18:57:988161 INFO  fd total count:1 - EPollPoller.cc:34
2025/06/27 18:57:003718 DEBUG timeout! - EPollPoller.cc:62
2025/06/27 18:57:003769 INFO  fd total count:1 - EPollPoller.cc:34
2025/06/27 18:57:004061 DEBUG timeout! - EPollPoller.cc:62
2025/06/27 18:57:004109 INFO  fd total count:1 - EPollPoller.cc:34
2025/06/27 18:57:992921 DEBUG timeout! - EPollPoller.cc:62
2025/06/27 18:57:992986 INFO  fd total count:2 - EPollPoller.cc:34
2025/06/27 18:57:998269 DEBUG timeout! - EPollPoller.cc:62
2025/06/27 18:57:998325 INFO  fd total count:1 - EPollPoller.cc:34
2025/06/27 18:57:013864 DEBUG timeout! - EPollPoller.cc:62
2025/06/27 18:57:013887 INFO  fd total count:1 - EPollPoller.cc:34
2025/06/27 18:57:014174 DEBUG timeout! - EPollPoller.cc:62
2025/06/27 18:57:014196 INFO  fd total count:1 - EPollPoller.cc:34
2025/06/27 18:57:003052 DEBUG timeout! - EPollPoller.cc:62
2025/06/27 18:57:003114 INFO  fd total count:2 - EPollPoller.cc:34
2025/06/27 18:57:008384 DEBUG timeout! - EPollPoller.cc:62
2025/06/27 18:57:008417 INFO  fd total count:1 - EPollPoller.cc:34
2025/06/27 18:57:023961 DEBUG timeout! - EPollPoller.cc:62
2025/06/27 18:57:024014 INFO  fd total count:1 - EPollPoller.cc:34
2025/06/27 18:57:024250 DEBUG timeout! - EPollPoller.cc:62
2025/06/27 18:57:024271 INFO  fd total count:1 - EPollPoller.cc:34
2025/06/27 18:57:013167 DEBUG timeout! - EPollPoller.cc:62
2025/06/27 18:57:013206 INFO  fd total count:2 - EPollPoller.cc:34
2025/06/27 18:57:018481 DEBUG timeout! - EPollPoller.cc:62
2025/06/27 18:57:018509 INFO  fd total count:1 - EPollPoller.cc:34
2025/06/27 18:57:034089 DEBUG timeout! - EPollPoller.cc:62
2025/06/27 18:57:034115 INFO  fd total count:1 - EPollPoller.cc:34
2025/06/27 18:57:034322 DEBUG timeout! - EPollPoller.cc:62
2025/06/27 18:57:034347 INFO  fd total count:1 - EPollPoller.cc:34
2025/06/27 18:57:019824 DEBUG timeout! - EPollPoller.cc:62
2025/06/27 18:57:019853 INFO  fd total count:2 - EPollPoller.cc:34
2025/06/27 18:57:028563 DEBUG timeout! - EPollPoller.cc:62
2025/06/27 18:57:028588 INFO  fd total count:1 - EPollPoller.cc:34
2025/06/27 18:57:044157 DEBUG timeout! - EPollPoller.cc:62
2025/06/27 18:57:044180 INFO  fd total count:1 - EPollPoller.cc:34
2025/06/27 18:57:044387 DEBUG timeout! - EPollPoller.cc:62
2025/06/27 18:57:044407 INFO  fd total count:1 - EPollPoller.cc:34
2025/06/27 18:57:029890 DEBUG timeout! - EPollPoller.cc:62
2025/06/27 18:57:029926 INFO  fd total count:2 - EPollPoller.cc:34
2025/06/27 18:57:038696 DEBUG timeout! - EPollPoller.cc:62
2025/06/27 18:57:038750 INFO  fd total count:1 - EPollPoller.cc:34
2025/06/27 18:57:054250 DEBUG timeout! - EPollPoller.cc:62
2025/06/27 18:57:054271 INFO  fd total count:1 - EPollPoller.cc:34
2025/06/27 18:57:054469 DEBUG timeout! - EPollPoller.cc:62
2025/06/27 18:57:054492 INFO  fd total count:1 - EPollPoller.cc:34
2025/06/27 18:58:039957 DEBUG timeout! - EPollPoller.cc:62
2025/06/27 18:58:039991 INFO  fd total count:2 - EPollPoller.cc:34
2025/06/27 18:58:048807 DEBUG timeout! - EPollPoller.cc:62
2025/06/27 18:58:048831 INFO  fd total count:1 - EPollPoller.cc:34
2025/06/27 18:58:064328 DEBUG timeout! - EPollPoller.cc:62
2025/06/27 18:58:064351 INFO  fd total count:1 - EPollPoller.cc:34
2025/06/27 18:58:064592 DEBUG timeout! - EPollPoller.cc:62
2025/06/27 18:58:064641 INFO  fd total count:1 - EPollPoller.cc:34
2025/06/27 18:58:050047 DEBUG timeout! - EPollPoller.cc:62
2025/06/27 18:58:050081 INFO  fd total count:2 - EPollPoller.cc:34
2025/06/27 18:58:058884 DEBUG timeout! - EPollPoller.cc:62
2025/06/27 18:58:058909 INFO  fd total count:1 - EPollPoller.cc:34
2025/06/27 18:58:074483 DEBUG timeout! - EPollPoller.cc:62
2025/06/27 18:58:074535 INFO  fd total count:1 - EPollPoller.cc:34
2025/06/27 18:58:074697 DEBUG timeout! - EPollPoller.cc:62
2025/06/27 18:58:074719 INFO  fd total count:1 - EPollPoller.cc:34
2025/06/27 18:58:060174 DEBUG timeout! - EPollPoller.cc:62
2025/06/27 18:58:060253 INFO  fd total count:2 - EPollPoller.cc:34
2025/06/27 18:58:068957 DEBUG timeout! - EPollPoller.cc:62
2025/06/27 18:58:068988 INFO  fd total count:1 - EPollPoller.cc:34
2025/06/27 18:58:084597 DEBUG timeout! - EPollPoller.cc:62
2025/06/27 18:58:084617 INFO  fd total count:1 - EPollPoller.cc:34
2025/06/27 18:58:084835 DEBUG timeout! - EPollPoller.cc:62
2025/06/27 18:58:084885 INFO  fd total count:1 - EPollPoller.cc:34
2025/06/27 18:58:070335 DEBUG timeout! - EPollPoller.cc:62
2025/06/27 18:58:070377 INFO  fd total count:2 - EPollPoller.cc:34
2025/06/27 18:58:079047 DEBUG timeout! - EPollPoller.cc:62
2025/06/27 18:58:079073 INFO  fd total count:1 - EPollPoller.cc:34
2025/06/27 18:58:094682 DEBUG timeout! - EPollPoller.cc:62
2025/06/27 18:58:094703 INFO  fd total count:1 - EPollPoller.cc:34
2025/06/27 18:58:094945 DEBUG timeout! - EPollPoller.cc:62
2025/06/27 18:58:094964 INFO  fd total count:1 - EPollPoller.cc:34
2025/06/27 18:58:080422 DEBUG timeout! - EPollPoller.cc:62
2025/06/27 18:58:080455 INFO  fd total count:2 - EPollPoller.cc:34
2025/06/27 18:58:089108 DEBUG timeout! - EPollPoller.cc:62
2025/06/27 18:58:089134 INFO  fd total count:1 - EPollPoller.cc:34
2025/06/27 18:58:104751 DEBUG timeout! - EPollPoller.cc:62
2025/06/27 18:58:104771 INFO  fd total count:1 - EPollPoller.cc:34
2025/06/27 18:58:105015 DEBUG timeout! - EPollPoller.cc:62
2025/06/27 18:58:105034 INFO  fd total count:1 - EPollPoller.cc:34
2025/06/27 18:58:090536 DEBUG timeout! - EPollPoller.cc:62
2025/06/27 18:58:090571 INFO  fd total count:2 - EPollPoller.cc:34
2025/06/27 18:58:099253 DEBUG timeout! - EPollPoller.cc:62
2025/06/27 18:58:099305 INFO  fd total count:1 - EPollPoller.cc:34
2025/06/27 18:58:114902 DEBUG timeout! - EPollPoller.cc:62
2025/06/27 18:58:114958 INFO  fd total count:1 - EPollPoller.cc:34
2025/06/27 18:58:115166 DEBUG timeout! - EPollPoller.cc:62
2025/06/27 18:58:115214 INFO  fd total count:1 - EPollPoller.cc:34
2025/06/27 18:59:100628 DEBUG timeout! - EPollPoller.cc:62
2025/06/27 18:59:100659 INFO  fd total count:2 - EPollPoller.cc:34
2025/06/27 18:59:109368 DEBUG timeout! - EPollPoller.cc:62
2025/06/27 18:59:109393 INFO  fd total count:1 - EPollPoller.cc:34
2025/06/27 18:59:125003 DEBUG timeout! - EPollPoller.cc:62
2025/06/27 18:59:125025 INFO  fd total count:1 - EPollPoller.cc:34
2025/06/27 18:59:125308 DEBUG timeout! - EPollPoller.cc:62
2025/06/27 18:59:125359 INFO  fd total count:1 - EPollPoller.cc:34
2025/06/27 18:59:110700 DEBUG timeout! - EPollPoller.cc:62
2025/06/27 18:59:110728 INFO  fd total count:2 - EPollPoller.cc:34
2025/06/27 18:59:119441 DEBUG timeout! - EPollPoller.cc:62
2025/06/27 18:59:119466 INFO  fd total count:1 - EPollPoller.cc:34
2025/06/27 18:59:135089 DEBUG timeout! - EPollPoller.cc:62
2025/06/27 18:59:135108 INFO  fd total count:1 - EPollPoller.cc:34
2025/06/27 18:59:135429 DEBUG timeout! - EPollPoller.cc:62
2025/06/27 18:59:135449 INFO  fd total count:1 - EPollPoller.cc:34
2025/06/27 18:59:120785 DEBUG timeout! - EPollPoller.cc:62
2025/06/27 18:59:120816 INFO  fd total count:2 - EPollPoller.cc:34
2025/06/27 18:59:129511 DEBUG timeout! - EPollPoller.cc:62
2025/06/27 18:59:129536 INFO  fd total count:1 - EPollPoller.cc:34
2025/06/27 18:59:145167 DEBUG timeout! - EPollPoller.cc:62
2025/06/27 18:59:145187 INFO  fd total count:1 - EPollPoller.cc:34
2025/06/27 18:59:145515 DEBUG timeout! - EPollPoller.cc:62
2025/06/27 18:59:145568 INFO  fd total count:1 - EPollPoller.cc:34
2025/06/27 18:59:130864 DEBUG timeout! - EPollPoller.cc:62
2025/06/27 18:59:130900 INFO  fd total count:2 - EPollPoller.cc:34
2025/06/27 18:59:139593 DEBUG timeout! - EPollPoller.cc:62
2025/06/27 18:59:139620 INFO  fd total count:1 - EPollPoller.cc:34
2025/06/27 18:59:155307 DEBUG timeout! - EPollPoller.cc:62
2025/06/27 18:59:155359 INFO  fd total count:1 - EPollPoller.cc:34
2025/06/27 18:59:155636 DEBUG timeout! - EPollPoller.cc:62
2025/06/27 18:59:155656 INFO  fd total count:1 - EPollPoller.cc:34
2025/06/27 18:59:140941 DEBUG timeout! - EPollPoller.cc:62
2025/06/27 18:59:140975 INFO  fd total count:2 - EPollPoller.cc:34
2025/06/27 18:59:149672 DEBUG timeout! - EPollPoller.cc:62
2025/06/27 18:59:149697 INFO  fd total count:1 - EPollPoller.cc:34
2025/06/27 18:59:163868 DEBUG timeout! - EPollPoller.cc:62
2025/06/27 18:59:163888 INFO  fd total count:1 - EPollPoller.cc:34
2025/06/27 18:59:165498 DEBUG timeout! - EPollPoller.cc:62
2025/06/27 18:59:165548 INFO  fd total count:1 - EPollPoller.cc:34
2025/06/27 18:59:151049 DEBUG timeout! - EPollPoller.cc:62
2025/06/27 18:59:151115 INFO  fd total count:2 - EPollPoller.cc:34
2025/06/27 18:59:159764 DEBUG timeout! - EPollPoller.cc:62
2025/06/27 18:59:159813 INFO  fd total count:1 - EPollPoller.cc:34
2025/06/27 18:59:173623 DEBUG timeout! - EPollPoller.cc:62
2025/06/27 18:59:173641 INFO  fd total count:1 - EPollPoller.cc:34
2025/06/27 18:59:174010 DEBUG timeout! - EPollPoller.cc:62
2025/06/27 18:59:174060 INFO  fd total count:1 - EPollPoller.cc:34
2025/06/27 19:00:161190 DEBUG timeout! - EPollPoller.cc:62
2025/06/27 19:00:161221 INFO  fd total count:2 - EPollPoller.cc:34
2025/06/27 19:00:169928 DEBUG timeout! - EPollPoller.cc:62
2025/06/27 19:00:169982 INFO  fd total count:1 - EPollPoller.cc:34
2025/06/27 19:00:183693 DEBUG timeout! - EPollPoller.cc:62
2025/06/27 19:00:183706 INFO  fd total count:1 - EPollPoller.cc:34
2025/06/27 19:00:184097 DEBUG timeout! - EPollPoller.cc:62
2025/06/27 19:00:184118 INFO  fd total count:1 - EPollPoller.cc:34
2025/06/27 19:00:171292 DEBUG timeout! - EPollPoller.cc:62
2025/06/27 19:00:171326 INFO  fd total count:2 - EPollPoller.cc:34
2025/06/27 19:00:180055 DEBUG timeout! - EPollPoller.cc:62
2025/06/27 19:00:180084 INFO  fd total count:1 - EPollPoller.cc:34
2025/06/27 19:00:193753 DEBUG timeout! - EPollPoller.cc:62
2025/06/27 19:00:193770 INFO  fd total count:1 - EPollPoller.cc:34
2025/06/27 19:00:194180 DEBUG timeout! - EPollPoller.cc:62
2025/06/27 19:00:194202 INFO  fd total count:1 - EPollPoller.cc:34
2025/06/27 19:00:181430 DEBUG timeout! - EPollPoller.cc:62
2025/06/27 19:00:181496 INFO  fd total count:2 - EPollPoller.cc:34
2025/06/27 19:00:190220 DEBUG timeout! - EPollPoller.cc:62
2025/06/27 19:00:190283 INFO  fd total count:1 - EPollPoller.cc:34
2025/06/27 19:00:203815 DEBUG timeout! - EPollPoller.cc:62
2025/06/27 19:00:203833 INFO  fd total count:1 - EPollPoller.cc:34
2025/06/27 19:00:204261 DEBUG timeout! - EPollPoller.cc:62
2025/06/27 19:00:204284 INFO  fd total count:1 - EPollPoller.cc:34
2025/06/27 19:00:191572 DEBUG timeout! - EPollPoller.cc:62
2025/06/27 19:00:191607 INFO  fd total count:2 - EPollPoller.cc:34
2025/06/27 19:00:200353 DEBUG timeout! - EPollPoller.cc:62
2025/06/27 19:00:200379 INFO  fd total count:1 - EPollPoller.cc:34
2025/06/27 19:00:207163 DEBUG timeout! - EPollPoller.cc:62
2025/06/27 19:00:207179 INFO  fd total count:1 - EPollPoller.cc:34
2025/06/27 19:00:213886 DEBUG timeout! - EPollPoller.cc:62
2025/06/27 19:00:213895 INFO  fd total count:1 - EPollPoller.cc:34
2025/06/27 19:00:202036 DEBUG timeout! - EPollPoller.cc:62
2025/06/27 19:00:202070 INFO  fd total count:2 - EPollPoller.cc:34
2025/06/27 19:00:210704 DEBUG timeout! - EPollPoller.cc:62
2025/06/27 19:00:210732 INFO  fd total count:1 - EPollPoller.cc:34
2025/06/27 19:00:217253 DEBUG timeout! - EPollPoller.cc:62
2025/06/27 19:00:217269 INFO  fd total count:1 - EPollPoller.cc:34
2025/06/27 19:00:217292 DEBUG timeout! - EPollPoller.cc:62
2025/06/27 19:00:217343 INFO  fd total count:1 - EPollPoller.cc:34
